moon : 2026-08-24T02:26:28.276649Z  INFO run_build:run_build_internal:run_build_rr: moon::rr_build:558: Checking local 
modules and backend
At line:15 char:5661
+ ... oon info 2>&1; moon fmt 2>&1; moon build --target native 2>&1 | Out-F ...
+                                   ~~~~~~~~~~~~~~~~~~~~~~~~~~~~~~~
    + CategoryInfo          : NotSpecified: (2026-08-24T02:2...les and backend:String) [], RemoteException
    + FullyQualifiedErrorId : NativeCommandError
 
2026-08-24T02:26:28.276684Z  INFO run_build:run_build_internal:run_build_rr: moon::rr_build:568: Preferred backend: Non
e
2026-08-24T02:26:28.276692Z  INFO run_build:run_build_internal:run_build_rr: moon::rr_build:586: is_core: false
2026-08-24T02:26:28.276708Z  INFO run_build:run_build_internal:run_build_rr: moon::rr_build:610: User intent calculated
: [Build(PackageId(3v1))]
2026-08-24T02:26:28.276717Z  INFO run_build:run_build_internal:run_build_rr: moon::rr_build:616: Running prebuild confi
guration
2026-08-24T02:26:28.276821Z  INFO run_build:run_build_internal:run_build_rr: moon::rr_build:622: Expanding user intents
 to build plan nodes
2026-08-24T02:26:28.276828Z  INFO run_build:run_build_internal:run_build_rr: moon::rr_build:302: Determining compilatio
n configuration
2026-08-24T02:26:28.276832Z  INFO run_build:run_build_internal:run_build_rr: moon::rr_build:305: std: self.use_std = tr
ue, is_core = false => std = true
2026-08-24T02:26:28.276835Z  INFO run_build:run_build_internal:run_build_rr: moon::rr_build:311: Target backend: explic
it = Some(Native) => selected = Native
2026-08-24T02:26:28.276848Z  INFO run_build:run_build_internal:run_build_rr: moon::rr_build:400: New native target: Non
e
2026-08-24T02:26:28.276851Z  INFO run_build:run_build_internal:run_build_rr: moon::rr_build:415: Disabling `tcc -run`: 
not requested
2026-08-24T02:26:28.276854Z  INFO run_build:run_build_internal:run_build_rr: moon::rr_build:334: Final backend configur
ation: Native(GeneratedC)
2026-08-24T02:26:28.276870Z  INFO run_build:run_build_internal:run_build_rr: moon::rr_build:640: Begin lowering to buil
d graph
2026-08-24T02:26:28.285096Z  INFO run_build:run_build_internal:run_build_rr: moon::rr_build:681: Build planning complet
ed successfully
2026-08-24T02:26:28.286963Z  INFO run_build:run_build_internal:run_build_rr:execute_build:db.open:db.create: n2::db:394
: creating new database path=E:\qbe.mbt\_build\native\debug\build\build.moon_db path=E:\qbe.mbt\_build\native\debug\bui
ld\build.moon_db
2026-08-24T02:26:28.287166Z  INFO run_build:run_build_internal:run_build_rr:execute_build:work.run:work.run_with_logger
: n2::work:746: starting build execution parallelism=12 total_pending=14 parallelism=12 failures_left=Some(10) adopt=fa
lse explain=false dirty_on_output=true parallelism=12 failures_left=Some(10) adopt=false explain=false dirty_on_output=
true logger_present=false
2026-08-24T02:26:28.288604Z  INFO run_build:run_build_internal:run_build_rr:execute_build:work.run:work.run_with_logger
: n2::work:774: executing build buildid=BuildId(13) location=moonbitlang/x/fs@BuildCStub_0:0 parallelism=12 failures_le
ft=Some(10) adopt=false explain=false dirty_on_output=true parallelism=12 failures_left=Some(10) adopt=false explain=fa
lse dirty_on_output=true logger_present=false
2026-08-24T02:26:28.289577Z  INFO run_build:run_build_internal:run_build_rr:execute_build:work.run:work.run_with_logger
: n2::task:339: starting task tid=0 buildid=BuildId(13) parallelism=12 failures_left=Some(10) adopt=false explain=false
 dirty_on_output=true parallelism=12 failures_left=Some(10) adopt=false explain=false dirty_on_output=true logger_prese
nt=false
2026-08-24T02:26:28.289594Z  INFO run_build:run_build_internal:run_build_rr:execute_build:work.run:work.run_with_logger
: n2::work:774: executing build buildid=BuildId(8) location=moonbitlang/x/internal/ffi@Source@BuildCore:0 parallelism=1
2 failures_left=Some(10) adopt=false explain=false dirty_on_output=true parallelism=12 failures_left=Some(10) adopt=fal
se explain=false dirty_on_output=true logger_present=false
2026-08-24T02:26:28.290240Z  INFO run_build:run_build_internal:run_build_rr:execute_build:work.run:work.run_with_logger
: n2::task:339: starting task tid=1 buildid=BuildId(8) parallelism=12 failures_left=Some(10) adopt=false explain=false 
dirty_on_output=true parallelism=12 failures_left=Some(10) adopt=false explain=false dirty_on_output=true logger_presen
t=false
2026-08-24T02:26:28.290258Z  INFO run_build:run_build_internal:run_build_rr:execute_build:work.run:work.run_with_logger
: n2::work:774: executing build buildid=BuildId(3) location=azhzx/qbe/types@Source@BuildCore:0 parallelism=12 failures_
left=Some(10) adopt=false explain=false dirty_on_output=true parallelism=12 failures_left=Some(10) adopt=false explain=
false dirty_on_output=true logger_present=false
2026-08-24T02:26:28.290710Z  INFO run_build:run_build_internal:run_build_rr:execute_build:work.run:work.run_with_logger
: n2::task:339: starting task tid=2 buildid=BuildId(3) parallelism=12 failures_left=Some(10) adopt=false explain=false 
dirty_on_output=true parallelism=12 failures_left=Some(10) adopt=false explain=false dirty_on_output=true logger_presen
t=false
2026-08-24T02:26:28.290727Z  INFO run_build:run_build_internal:run_build_rr:execute_build:work.run:work.run_with_logger
: n2::work:774: executing build buildid=BuildId(6) location=azhzx/qbe/util@Source@BuildCore:0 parallelism=12 failures_l
eft=Some(10) adopt=false explain=false dirty_on_output=true parallelism=12 failures_left=Some(10) adopt=false explain=f
alse dirty_on_output=true logger_present=false
2026-08-24T02:26:28.290949Z  INFO run_build:run_build_internal:run_build_rr:execute_build:work.run:work.run_with_logger
: n2::task:339: starting task tid=3 buildid=BuildId(6) parallelism=12 failures_left=Some(10) adopt=false explain=false 
dirty_on_output=true parallelism=12 failures_left=Some(10) adopt=false explain=false dirty_on_output=true logger_presen
t=false
2026-08-24T02:26:28.290964Z  INFO run_build:run_build_internal:run_build_rr:execute_build:work.run:work.run_with_logger
: n2::work:774: executing build buildid=BuildId(2) location=azhzx/qbe@Source@BuildCore:0 parallelism=12 failures_left=S
ome(10) adopt=false explain=false dirty_on_output=true parallelism=12 failures_left=Some(10) adopt=false explain=false 
dirty_on_output=true logger_present=false
2026-08-24T02:26:28.291273Z  INFO run_build:run_build_internal:run_build_rr:execute_build:work.run:work.run_with_logger
: n2::task:339: starting task tid=4 buildid=BuildId(2) parallelism=12 failures_left=Some(10) adopt=false explain=false 
dirty_on_output=true parallelism=12 failures_left=Some(10) adopt=false explain=false dirty_on_output=true logger_presen
t=false
2026-08-24T02:26:28.291294Z  INFO run_build:run_build_internal:run_build_rr:execute_build:work.run:work.run_with_logger
: n2::work:774: executing build buildid=BuildId(12) location=BuildRuntimeLib:0 parallelism=12 failures_left=Some(10) ad
opt=false explain=false dirty_on_output=true parallelism=12 failures_left=Some(10) adopt=false explain=false dirty_on_o
utput=true logger_present=false
2026-08-24T02:26:28.291681Z  INFO run_build:run_build_internal:run_build_rr:execute_build:work.run:work.run_with_logger
: n2::task:339: starting task tid=5 buildid=BuildId(12) parallelism=12 failures_left=Some(10) adopt=false explain=false
 dirty_on_output=true parallelism=12 failures_left=Some(10) adopt=false explain=false dirty_on_output=true logger_prese
nt=false
2026-08-24T02:26:28.403498Z  INFO run_build:run_build_internal:run_build_rr:execute_build:work.run:work.run_with_logger
: n2::work:858: build succeeded buildid=BuildId(2) location=azhzx/qbe@Source@BuildCore:0 parallelism=12 failures_left=S
ome(10) adopt=false explain=false dirty_on_output=true parallelism=12 failures_left=Some(10) adopt=false explain=false 
dirty_on_output=true logger_present=false
2026-08-24T02:26:28.449242Z  INFO run_build:run_build_internal:run_build_rr:execute_build:work.run:work.run_with_logger
: n2::work:858: build succeeded buildid=BuildId(6) location=azhzx/qbe/util@Source@BuildCore:0 parallelism=12 failures_l
eft=Some(10) adopt=false explain=false dirty_on_output=true parallelism=12 failures_left=Some(10) adopt=false explain=f
alse dirty_on_output=true logger_present=false
2026-08-24T02:26:28.460780Z  INFO run_build:run_build_internal:run_build_rr:execute_build:work.run:work.run_with_logger
: n2::work:858: build succeeded buildid=BuildId(8) location=moonbitlang/x/internal/ffi@Source@BuildCore:0 parallelism=1
2 failures_left=Some(10) adopt=false explain=false dirty_on_output=true parallelism=12 failures_left=Some(10) adopt=fal
se explain=false dirty_on_output=true logger_present=false
2026-08-24T02:26:28.461785Z  INFO run_build:run_build_internal:run_build_rr:execute_build:work.run:work.run_with_logger
: n2::work:774: executing build buildid=BuildId(9) location=moonbitlang/x/fs@Source@BuildCore:0 parallelism=12 failures
_left=Some(10) adopt=false explain=false dirty_on_output=true parallelism=12 failures_left=Some(10) adopt=false explain
=false dirty_on_output=true logger_present=false
2026-08-24T02:26:28.462108Z  INFO run_build:run_build_internal:run_build_rr:execute_build:work.run:work.run_with_logger
: n2::task:339: starting task tid=1 buildid=BuildId(9) parallelism=12 failures_left=Some(10) adopt=false explain=false 
dirty_on_output=true parallelism=12 failures_left=Some(10) adopt=false explain=false dirty_on_output=true logger_presen
t=false
2026-08-24T02:26:28.552770Z  INFO run_build:run_build_internal:run_build_rr:execute_build:work.run:work.run_with_logger
: n2::work:858: build succeeded buildid=BuildId(3) location=azhzx/qbe/types@Source@BuildCore:0 parallelism=12 failures_
left=Some(10) adopt=false explain=false dirty_on_output=true parallelism=12 failures_left=Some(10) adopt=false explain=
false dirty_on_output=true logger_present=false
2026-08-24T02:26:28.554232Z  INFO run_build:run_build_internal:run_build_rr:execute_build:work.run:work.run_with_logger
: n2::work:774: executing build buildid=BuildId(5) location=azhzx/qbe/lexer@Source@BuildCore:0 parallelism=12 failures_
left=Some(10) adopt=false explain=false dirty_on_output=true parallelism=12 failures_left=Some(10) adopt=false explain=
false dirty_on_output=true logger_present=false
2026-08-24T02:26:28.554921Z  INFO run_build:run_build_internal:run_build_rr:execute_build:work.run:work.run_with_logger
: n2::task:339: starting task tid=2 buildid=BuildId(5) parallelism=12 failures_left=Some(10) adopt=false explain=false 
dirty_on_output=true parallelism=12 failures_left=Some(10) adopt=false explain=false dirty_on_output=true logger_presen
t=false
2026-08-24T02:26:28.554959Z  INFO run_build:run_build_internal:run_build_rr:execute_build:work.run:work.run_with_logger
: n2::work:774: executing build buildid=BuildId(4) location=azhzx/qbe/cfg@Source@BuildCore:0 parallelism=12 failures_le
ft=Some(10) adopt=false explain=false dirty_on_output=true parallelism=12 failures_left=Some(10) adopt=false explain=fa
lse dirty_on_output=true logger_present=false
2026-08-24T02:26:28.555306Z  INFO run_build:run_build_internal:run_build_rr:execute_build:work.run:work.run_with_logger
: n2::task:339: starting task tid=3 buildid=BuildId(4) parallelism=12 failures_left=Some(10) adopt=false explain=false 
dirty_on_output=true parallelism=12 failures_left=Some(10) adopt=false explain=false dirty_on_output=true logger_presen
t=false
2026-08-24T02:26:28.590306Z  INFO run_build:run_build_internal:run_build_rr:execute_build:work.run:work.run_with_logger
: n2::work:858: build succeeded buildid=BuildId(9) location=moonbitlang/x/fs@Source@BuildCore:0 parallelism=12 failures
_left=Some(10) adopt=false explain=false dirty_on_output=true parallelism=12 failures_left=Some(10) adopt=false explain
=false dirty_on_output=true logger_present=false
2026-08-24T02:26:28.671050Z  INFO run_build:run_build_internal:run_build_rr:execute_build:work.run:work.run_with_logger
: n2::work:858: build succeeded buildid=BuildId(4) location=azhzx/qbe/cfg@Source@BuildCore:0 parallelism=12 failures_le
ft=Some(10) adopt=false explain=false dirty_on_output=true parallelism=12 failures_left=Some(10) adopt=false explain=fa
lse dirty_on_output=true logger_present=false
2026-08-24T02:26:28.685583Z  INFO run_build:run_build_internal:run_build_rr:execute_build:work.run:work.run_with_logger
: n2::work:858: build succeeded buildid=BuildId(5) location=azhzx/qbe/lexer@Source@BuildCore:0 parallelism=12 failures_
left=Some(10) adopt=false explain=false dirty_on_output=true parallelism=12 failures_left=Some(10) adopt=false explain=
false dirty_on_output=true logger_present=false
2026-08-24T02:26:28.686583Z  INFO run_build:run_build_internal:run_build_rr:execute_build:work.run:work.run_with_logger
: n2::work:774: executing build buildid=BuildId(7) location=azhzx/qbe/parser@Source@BuildCore:0 parallelism=12 failures
_left=Some(10) adopt=false explain=false dirty_on_output=true parallelism=12 failures_left=Some(10) adopt=false explain
=false dirty_on_output=true logger_present=false
2026-08-24T02:26:28.687083Z  INFO run_build:run_build_internal:run_build_rr:execute_build:work.run:work.run_with_logger
: n2::task:339: starting task tid=1 buildid=BuildId(7) parallelism=12 failures_left=Some(10) adopt=false explain=false 
dirty_on_output=true parallelism=12 failures_left=Some(10) adopt=false explain=false dirty_on_output=true logger_presen
t=false
2026-08-24T02:26:28.798802Z  INFO run_build:run_build_internal:run_build_rr:execute_build:work.run:work.run_with_logger
: n2::work:858: build succeeded buildid=BuildId(7) location=azhzx/qbe/parser@Source@BuildCore:0 parallelism=12 failures
_left=Some(10) adopt=false explain=false dirty_on_output=true parallelism=12 failures_left=Some(10) adopt=false explain
=false dirty_on_output=true logger_present=false
2026-08-24T02:26:28.799738Z  INFO run_build:run_build_internal:run_build_rr:execute_build:work.run:work.run_with_logger
: n2::work:774: executing build buildid=BuildId(10) location=azhzx/qbe/cmd/main@Source@BuildCore:0 parallelism=12 failu
res_left=Some(10) adopt=false explain=false dirty_on_output=true parallelism=12 failures_left=Some(10) adopt=false expl
ain=false dirty_on_output=true logger_present=false
2026-08-24T02:26:28.800798Z  INFO run_build:run_build_internal:run_build_rr:execute_build:work.run:work.run_with_logger
: n2::task:339: starting task tid=1 buildid=BuildId(10) parallelism=12 failures_left=Some(10) adopt=false explain=false
 dirty_on_output=true parallelism=12 failures_left=Some(10) adopt=false explain=false dirty_on_output=true logger_prese
nt=false
2026-08-24T02:26:28.873658Z  INFO run_build:run_build_internal:run_build_rr:execute_build:work.run:work.run_with_logger
: n2::work:858: build succeeded buildid=BuildId(10) location=azhzx/qbe/cmd/main@Source@BuildCore:0 parallelism=12 failu
res_left=Some(10) adopt=false explain=false dirty_on_output=true parallelism=12 failures_left=Some(10) adopt=false expl
ain=false dirty_on_output=true logger_present=false
2026-08-24T02:26:28.874335Z  INFO run_build:run_build_internal:run_build_rr:execute_build:work.run:work.run_with_logger
: n2::work:774: executing build buildid=BuildId(1) location=azhzx/qbe/cmd/main@Source@LinkCore:0 parallelism=12 failure
s_left=Some(10) adopt=false explain=false dirty_on_output=true parallelism=12 failures_left=Some(10) adopt=false explai
n=false dirty_on_output=true logger_present=false
2026-08-24T02:26:28.874489Z  INFO run_build:run_build_internal:run_build_rr:execute_build:work.run:work.run_with_logger
: n2::task:339: starting task tid=1 buildid=BuildId(1) parallelism=12 failures_left=Some(10) adopt=false explain=false 
dirty_on_output=true parallelism=12 failures_left=Some(10) adopt=false explain=false dirty_on_output=true logger_presen
t=false
2026-08-24T02:26:29.117227Z  INFO run_build:run_build_internal:run_build_rr:execute_build:work.run:work.run_with_logger
: n2::work:858: build succeeded buildid=BuildId(1) location=azhzx/qbe/cmd/main@Source@LinkCore:0 parallelism=12 failure
s_left=Some(10) adopt=false explain=false dirty_on_output=true parallelism=12 failures_left=Some(10) adopt=false explai
n=false dirty_on_output=true logger_present=false
2026-08-24T02:26:30.248313Z  INFO run_build:run_build_internal:run_build_rr:execute_build:work.run:work.run_with_logger
: n2::work:858: build succeeded buildid=BuildId(13) location=moonbitlang/x/fs@BuildCStub_0:0 parallelism=12 failures_le
ft=Some(10) adopt=false explain=false dirty_on_output=true parallelism=12 failures_left=Some(10) adopt=false explain=fa
lse dirty_on_output=true logger_present=false
2026-08-24T02:26:30.248651Z  INFO run_build:run_build_internal:run_build_rr:execute_build:work.run:work.run_with_logger
: n2::work:774: executing build buildid=BuildId(11) location=moonbitlang/x/fs@ArchiveCStubs:0 parallelism=12 failures_l
eft=Some(10) adopt=false explain=false dirty_on_output=true parallelism=12 failures_left=Some(10) adopt=false explain=f
alse dirty_on_output=true logger_present=false
2026-08-24T02:26:30.248788Z  INFO run_build:run_build_internal:run_build_rr:execute_build:work.run:work.run_with_logger
: n2::task:339: starting task tid=0 buildid=BuildId(11) parallelism=12 failures_left=Some(10) adopt=false explain=false
 dirty_on_output=true parallelism=12 failures_left=Some(10) adopt=false explain=false dirty_on_output=true logger_prese
nt=false
2026-08-24T02:26:30.389346Z  INFO run_build:run_build_internal:run_build_rr:execute_build:work.run:work.run_with_logger
: n2::work:858: build succeeded buildid=BuildId(11) location=moonbitlang/x/fs@ArchiveCStubs:0 parallelism=12 failures_l
eft=Some(10) adopt=false explain=false dirty_on_output=true parallelism=12 failures_left=Some(10) adopt=false explain=f
alse dirty_on_output=true logger_present=false
2026-08-24T02:26:30.526330Z  INFO run_build:run_build_internal:run_build_rr:execute_build:work.run:work.run_with_logger
: n2::work:858: build succeeded buildid=BuildId(12) location=BuildRuntimeLib:0 parallelism=12 failures_left=Some(10) ad
opt=false explain=false dirty_on_output=true parallelism=12 failures_left=Some(10) adopt=false explain=false dirty_on_o
utput=true logger_present=false
2026-08-24T02:26:30.526669Z  INFO run_build:run_build_internal:run_build_rr:execute_build:work.run:work.run_with_logger
: n2::work:774: executing build buildid=BuildId(0) location=azhzx/qbe/cmd/main@Source@MakeExecutable:0 parallelism=12 f
ailures_left=Some(10) adopt=false explain=false dirty_on_output=true parallelism=12 failures_left=Some(10) adopt=false 
explain=false dirty_on_output=true logger_present=false
2026-08-24T02:26:30.526809Z  INFO run_build:run_build_internal:run_build_rr:execute_build:work.run:work.run_with_logger
: n2::task:339: starting task tid=0 buildid=BuildId(0) parallelism=12 failures_left=Some(10) adopt=false explain=false 
dirty_on_output=true parallelism=12 failures_left=Some(10) adopt=false explain=false dirty_on_output=true logger_presen
t=false
2026-08-24T02:26:31.125745Z  INFO run_build:run_build_internal:run_build_rr:execute_build:work.run:work.run_with_logger
: n2::work:858: build succeeded buildid=BuildId(0) location=azhzx/qbe/cmd/main@Source@MakeExecutable:0 parallelism=12 f
ailures_left=Some(10) adopt=false explain=false dirty_on_output=true parallelism=12 failures_left=Some(10) adopt=false 
explain=false dirty_on_output=true logger_present=false
2026-08-24T02:26:31.125929Z  INFO run_build:run_build_internal:run_build_rr:execute_build:work.run:work.run_with_logger
: n2::work:871: build execution completed tasks_done=14 tasks_failed=0 success=true parallelism=12 failures_left=Some(1
0) adopt=false explain=false dirty_on_output=true parallelism=12 failures_left=Some(10) adopt=false explain=false dirty
_on_output=true logger_present=false
fs_native.c
runtime.c
main.c
  正在创建库 E:\qbe.mbt\_build\native\debug\build\cmd\main\main.lib 和对象 E:\qbe.mbt\_build\native\debug\build\cmd\main\main.e
xp
Warning: [0029]
   ╭─[ E:\qbe.mbt\cmd\main\moon.pkg:2:3 ]
   │
 2 │   "azhzx/qbe" @lib,
   │   ─────┬─────  
   │        ╰─────── Warning (unused_package): Unused package 'azhzx/qbe'
───╯
Warning: [0029]
   ╭─[ E:\qbe.mbt\cmd\main\moon.pkg:2:15 ]
   │
 2 │   "azhzx/qbe" @lib,
   │               ──┬─  
   │                 ╰─── Warning (unused_package): Unused package alias 'lib'
───╯
Warning: [0001]
    ╭─[ E:\qbe.mbt\lexer\lexer.mbt:25:4 ]
    │
 25 │ fn is_ident_start(c : Char) -> Bool {
    │    ───────┬──────  
    │           ╰──────── Warning (unused_value): Unused function 'is_ident_start'
────╯
Warning: [0027]
    ╭─[ E:\qbe.mbt\lexer\lexer.mbt:39:3 ]
    │
 39 │   loop s {
    │   ────┬───  
    │       ╰───── Warning (deprecated_syntax): The syntax loop ... { ... } for functional loop is deprecated. Use rewr
ite this as a `for` loop with explicit loop binders (for example, `for state = init { ... }`), destructure composite st
ate explicitly inside the loop body, and use an explicit `break` to return the final result. instead.
────╯
Warning: [0027]
    ╭─[ E:\qbe.mbt\lexer\lexer.mbt:59:3 ]
    │
 59 │   loop s {
    │   ────┬───  
    │       ╰───── Warning (deprecated_syntax): The syntax loop ... { ... } for functional loop is deprecated. Use rewr
ite this as a `for` loop with explicit loop binders (for example, `for state = init { ... }`), destructure composite st
ate explicitly inside the loop body, and use an explicit `break` to return the final result. instead.
────╯
Warning: [0020]
    ╭─[ E:\qbe.mbt\lexer\lexer.mbt:66:22 ]
    │
 66 │       if c == '.' && not(is_float) {
    │                      ─┬─  
    │                       ╰─── Warning (deprecated): Use !expr instead
────╯
Warning: [0027]
    ╭─[ E:\qbe.mbt\lexer\lexer.mbt:85:3 ]
    │
 85 │   loop s {
    │   ────┬───  
    │       ╰───── Warning (deprecated_syntax): The syntax loop ... { ... } for functional loop is deprecated. Use rewr
ite this as a `for` loop with explicit loop binders (for example, `for state = init { ... }`), destructure composite st
ate explicitly inside the loop body, and use an explicit `break` to return the final result. instead.
────╯
Warning: [0027]
     ╭─[ E:\qbe.mbt\lexer\lexer.mbt:172:3 ]
     │
 172 │   loop code {
     │   ─────┬─────  
     │        ╰─────── Warning (deprecated_syntax): The syntax loop ... { ... } for functional loop is deprecated. Use 
rewrite this as a `for` loop with explicit loop binders (for example, `for state = init { ... }`), destructure composit
e state explicitly inside the loop body, and use an explicit `break` to return the final result. instead.
─────╯
Warning: [0027]
     ╭─[ E:\qbe.mbt\lexer\lexer.mbt:196:18 ]
     │
 196 │       let rest = loop rest {
     │                  ─────┬─────  
     │                       ╰─────── Warning (deprecated_syntax): The syntax loop ... { ... } for functional loop is d
eprecated. Use rewrite this as a `for` loop with explicit loop binders (for example, `for state = init { ... }`), destr
ucture composite state explicitly inside the loop body, and use an explicit `break` to return the final result. instead
.
─────╯
Warning: [0029]
   ╭─[ E:\qbe.mbt\lexer\moon.pkg:2:3 ]
   │
 2 │   "azhzx/qbe/types",
   │   ────────┬────────  
   │           ╰────────── Warning (unused_package): Unused package 'azhzx/qbe/types'
───╯
Warning: [0020]
    ╭─[ E:\qbe.mbt\parser\data.mbt:55:15 ]
    │
 55 │         while not(done) {
    │               ─┬─  
    │                ╰─── Warning (deprecated): Use !expr instead
────╯
Warning: [0020]
    ╭─[ E:\qbe.mbt\parser\data.mbt:60:33 ]
    │
 60 │               let num_str = raw.substring(start=2)
    │                                 ────┬────  
    │                                     ╰────── Warning (deprecated): Use `str[:]` or `str[:].to_string()` instead
────╯
Warning: [0020]
    ╭─[ E:\qbe.mbt\parser\data.mbt:61:41 ]
    │
 61 │               let (fval, err_msg) = try @strconv.parse_double(num_str) catch {
    │                                         ──────────┬──────────  
    │                                                   ╰──────────── Warning (deprecated): use `@string.parse_double` 
instead
────╯
Warning: [0020]
    ╭─[ E:\qbe.mbt\parser\data.mbt:74:30 ]
    │
 74 │                   flts: fval.to_float(),
    │                              ────┬───  
    │                                  ╰───── Warning (deprecated): Use `Float::from_double` instead
────╯
Warning: [0001]
     ╭─[ E:\qbe.mbt\parser\func.mbt:163:12 ]
     │
 163 │ fn Parser::closeblk(self : Self) -> Unit {
     │            ────┬───  
     │                ╰───── Warning (unused_value): Unused function 'closeblk'
─────╯
Warning: [0020]
    ╭─[ E:\qbe.mbt\parser\ref.mbt:71:25 ]
    │
 71 │       let num_str = raw.substring(start=2)
    │                         ────┬────  
    │                             ╰────── Warning (deprecated): Use `str[:]` or `str[:].to_string()` instead
────╯
Warning: [0020]
    ╭─[ E:\qbe.mbt\parser\ref.mbt:72:33 ]
    │
 72 │       let (fval, err_msg) = try @strconv.parse_double(num_str) catch {
    │                                 ──────────┬──────────  
    │                                           ╰──────────── Warning (deprecated): use `@string.parse_double` instead
────╯
Warning: [0020]
    ╭─[ E:\qbe.mbt\parser\ref.mbt:81:43 ]
    │
 81 │         let con = @types.Con::single(fval.to_float())
    │                                           ────┬───  
    │                                               ╰───── Warning (deprecated): Use `Float::from_double` instead
────╯
Warning: [0020]
    ╭─[ E:\qbe.mbt\types\fn.mbt:41:16 ]
    │
 41 │     blk_names: Map::new(),
    │                ────┬───  
    │                    ╰───── Warning (deprecated): Use `Map([], capacity=...)` instead
────╯
Warning: [0020]
    ╭─[ E:\qbe.mbt\util\interner.mbt:11:22 ]
    │
 11 │   Interner::{ table: Map::new(), values: Array::new() }
    │                      ────┬───  
    │                          ╰───── Warning (deprecated): Use `Map([], capacity=...)` instead
────╯
Finished. moon: ran 14 tasks, now up to date (20 warnings, 0 errors)
