moon : 2026-08-24T04:24:11.802564Z  INFO run_check:run_check_internal:run_check_normal_internal:run_check_normal_intern
al_rr: moon::rr_build:558: Checking local modules and backend
At line:15 char:5630
+ ... ources\app\node_modules\@vscode\ripgrep\bin'; moon check 2>&1 | Out-F ...
+                                                   ~~~~~~~~~~~~~~~
    + CategoryInfo          : NotSpecified: (2026-08-24T04:2...les and backend:String) [], RemoteException
    + FullyQualifiedErrorId : NativeCommandError
 
2026-08-24T04:24:11.802599Z  INFO run_check:run_check_internal:run_check_normal_internal:run_check_normal_internal_rr: 
moon::rr_build:568: Preferred backend: None
2026-08-24T04:24:11.802606Z  INFO run_check:run_check_internal:run_check_normal_internal:run_check_normal_internal_rr: 
moon::rr_build:586: is_core: false
2026-08-24T04:24:11.802611Z  INFO run_check:run_check_internal:run_check_normal_internal:run_check_normal_internal_rr: 
moon::rr_build:610: User intent calculated: [Check(PackageId(1v1)), Check(PackageId(2v1)), Check(PackageId(3v1)), Check
(PackageId(4v1)), Check(PackageId(5v1)), Check(PackageId(6v1)), Check(PackageId(7v1)), Check(PackageId(8v1)), Check(Pac
kageId(9v1))]
2026-08-24T04:24:11.802621Z  INFO run_check:run_check_internal:run_check_normal_internal:run_check_normal_internal_rr: 
moon::rr_build:613: Skipping prebuild configuration for check run mode
2026-08-24T04:24:11.802624Z  INFO run_check:run_check_internal:run_check_normal_internal:run_check_normal_internal_rr: 
moon::rr_build:622: Expanding user intents to build plan nodes
2026-08-24T04:24:11.802637Z  INFO run_check:run_check_internal:run_check_normal_internal:run_check_normal_internal_rr: 
moon::rr_build:302: Determining compilation configuration
2026-08-24T04:24:11.802641Z  INFO run_check:run_check_internal:run_check_normal_internal:run_check_normal_internal_rr: 
moon::rr_build:305: std: self.use_std = true, is_core = false => std = true
2026-08-24T04:24:11.802644Z  INFO run_check:run_check_internal:run_check_normal_internal:run_check_normal_internal_rr: 
moon::rr_build:311: Target backend: explicit = Some(Wasm) => selected = Wasm
2026-08-24T04:24:11.802649Z  INFO run_check:run_check_internal:run_check_normal_internal:run_check_normal_internal_rr: 
moon::rr_build:334: Final backend configuration: Wasm { use_wat: false, wasi_link: true }
2026-08-24T04:24:11.802664Z  INFO run_check:run_check_internal:run_check_normal_internal:run_check_normal_internal_rr: 
moon::rr_build:640: Begin lowering to build graph
2026-08-24T04:24:11.803599Z  INFO run_check:run_check_internal:run_check_normal_internal:run_check_normal_internal_rr: 
moon::rr_build:681: Build planning completed successfully
2026-08-24T04:24:11.805541Z  INFO run_check:run_check_internal:run_check_normal_internal:run_check_normal_internal_rr:e
xecute_build:db.open:db.open_existing: n2::db:381: opening existing database path=E:\qbe.mbt\_build\wasm\debug\check\ch
eck.moon_db path=E:\qbe.mbt\_build\wasm\debug\check\check.moon_db
2026-08-24T04:24:11.806511Z  INFO run_check:run_check_internal:run_check_normal_internal:run_check_normal_internal_rr:e
xecute_build:db.open:db.open_existing: n2::db:389: database loaded successfully path=E:\qbe.mbt\_build\wasm\debug\check
\check.moon_db path=E:\qbe.mbt\_build\wasm\debug\check\check.moon_db
2026-08-24T04:24:11.806541Z  INFO run_check:run_check_internal:run_check_normal_internal:run_check_normal_internal_rr:e
xecute_build:work.run:work.run_with_logger: n2::work:746: starting build execution parallelism=12 total_pending=21 para
llelism=12 failures_left=Some(10) adopt=false explain=false dirty_on_output=true parallelism=12 failures_left=Some(10) 
adopt=false explain=false dirty_on_output=true logger_present=false
2026-08-24T04:24:11.806796Z  INFO run_check:run_check_internal:run_check_normal_internal:run_check_normal_internal_rr:e
xecute_build:work.run:work.run_with_logger: n2::work:785: build up to date, skipping buildid=BuildId(1) parallelism=12 
failures_left=Some(10) adopt=false explain=false dirty_on_output=true parallelism=12 failures_left=Some(10) adopt=false
 explain=false dirty_on_output=true logger_present=false
2026-08-24T04:24:11.806851Z  INFO run_check:run_check_internal:run_check_normal_internal:run_check_normal_internal_rr:e
xecute_build:work.run:work.run_with_logger: n2::work:785: build up to date, skipping buildid=BuildId(0) parallelism=12 
failures_left=Some(10) adopt=false explain=false dirty_on_output=true parallelism=12 failures_left=Some(10) adopt=false
 explain=false dirty_on_output=true logger_present=false
2026-08-24T04:24:11.807773Z  INFO run_check:run_check_internal:run_check_normal_internal:run_check_normal_internal_rr:e
xecute_build:work.run:work.run_with_logger: n2::work:785: build up to date, skipping buildid=BuildId(20) parallelism=12
 failures_left=Some(10) adopt=false explain=false dirty_on_output=true parallelism=12 failures_left=Some(10) adopt=fals
e explain=false dirty_on_output=true logger_present=false
2026-08-24T04:24:11.808127Z  INFO run_check:run_check_internal:run_check_normal_internal:run_check_normal_internal_rr:e
xecute_build:work.run:work.run_with_logger: n2::work:785: build up to date, skipping buildid=BuildId(2) parallelism=12 
failures_left=Some(10) adopt=false explain=false dirty_on_output=true parallelism=12 failures_left=Some(10) adopt=false
 explain=false dirty_on_output=true logger_present=false
2026-08-24T04:24:11.808318Z  INFO run_check:run_check_internal:run_check_normal_internal:run_check_normal_internal_rr:e
xecute_build:work.run:work.run_with_logger: n2::work:785: build up to date, skipping buildid=BuildId(19) parallelism=12
 failures_left=Some(10) adopt=false explain=false dirty_on_output=true parallelism=12 failures_left=Some(10) adopt=fals
e explain=false dirty_on_output=true logger_present=false
2026-08-24T04:24:11.808324Z  INFO run_check:run_check_internal:run_check_normal_internal:run_check_normal_internal_rr:e
xecute_build:work.run:work.run_with_logger: n2::work:774: executing build buildid=BuildId(15) location=azhzx/qbe/types@
Source@Check:0 parallelism=12 failures_left=Some(10) adopt=false explain=false dirty_on_output=true parallelism=12 fail
ures_left=Some(10) adopt=false explain=false dirty_on_output=true logger_present=false
2026-08-24T04:24:11.808469Z  INFO run_check:run_check_internal:run_check_normal_internal:run_check_normal_internal_rr:e
xecute_build:work.run:work.run_with_logger: n2::task:339: starting task tid=0 buildid=BuildId(15) parallelism=12 failur
es_left=Some(10) adopt=false explain=false dirty_on_output=true parallelism=12 failures_left=Some(10) adopt=false expla
in=false dirty_on_output=true logger_present=false
2026-08-24T04:24:11.808479Z  INFO run_check:run_check_internal:run_check_normal_internal:run_check_normal_internal_rr:e
xecute_build:work.run:work.run_with_logger: n2::work:774: executing build buildid=BuildId(17) location=azhzx/qbe/util@S
ource@Check:0 parallelism=12 failures_left=Some(10) adopt=false explain=false dirty_on_output=true parallelism=12 failu
res_left=Some(10) adopt=false explain=false dirty_on_output=true logger_present=false
2026-08-24T04:24:11.808599Z  INFO run_check:run_check_internal:run_check_normal_internal:run_check_normal_internal_rr:e
xecute_build:work.run:work.run_with_logger: n2::task:339: starting task tid=1 buildid=BuildId(17) parallelism=12 failur
es_left=Some(10) adopt=false explain=false dirty_on_output=true parallelism=12 failures_left=Some(10) adopt=false expla
in=false dirty_on_output=true logger_present=false
2026-08-24T04:24:11.872765Z  INFO run_check:run_check_internal:run_check_normal_internal:run_check_normal_internal_rr:e
xecute_build:work.run:work.run_with_logger: n2::work:858: build succeeded buildid=BuildId(17) location=azhzx/qbe/util@S
ource@Check:0 parallelism=12 failures_left=Some(10) adopt=false explain=false dirty_on_output=true parallelism=12 failu
res_left=Some(10) adopt=false explain=false dirty_on_output=true logger_present=false
2026-08-24T04:24:11.873080Z  INFO run_check:run_check_internal:run_check_normal_internal:run_check_normal_internal_rr:e
xecute_build:work.run:work.run_with_logger: n2::work:785: build up to date, skipping buildid=BuildId(18) parallelism=12
 failures_left=Some(10) adopt=false explain=false dirty_on_output=true parallelism=12 failures_left=Some(10) adopt=fals
e explain=false dirty_on_output=true logger_present=false
2026-08-24T04:24:11.891137Z  INFO run_check:run_check_internal:run_check_normal_internal:run_check_normal_internal_rr:e
xecute_build:work.run:work.run_with_logger: n2::work:858: build succeeded buildid=BuildId(15) location=azhzx/qbe/types@
Source@Check:0 parallelism=12 failures_left=Some(10) adopt=false explain=false dirty_on_output=true parallelism=12 fail
ures_left=Some(10) adopt=false explain=false dirty_on_output=true logger_present=false
2026-08-24T04:24:11.891499Z  INFO run_check:run_check_internal:run_check_normal_internal:run_check_normal_internal_rr:e
xecute_build:work.run:work.run_with_logger: n2::work:785: build up to date, skipping buildid=BuildId(3) parallelism=12 
failures_left=Some(10) adopt=false explain=false dirty_on_output=true parallelism=12 failures_left=Some(10) adopt=false
 explain=false dirty_on_output=true logger_present=false
2026-08-24T04:24:11.891920Z  INFO run_check:run_check_internal:run_check_normal_internal:run_check_normal_internal_rr:e
xecute_build:work.run:work.run_with_logger: n2::work:785: build up to date, skipping buildid=BuildId(16) parallelism=12
 failures_left=Some(10) adopt=false explain=false dirty_on_output=true parallelism=12 failures_left=Some(10) adopt=fals
e explain=false dirty_on_output=true logger_present=false
2026-08-24T04:24:11.892326Z  INFO run_check:run_check_internal:run_check_normal_internal:run_check_normal_internal_rr:e
xecute_build:work.run:work.run_with_logger: n2::work:785: build up to date, skipping buildid=BuildId(4) parallelism=12 
failures_left=Some(10) adopt=false explain=false dirty_on_output=true parallelism=12 failures_left=Some(10) adopt=false
 explain=false dirty_on_output=true logger_present=false
2026-08-24T04:24:11.892332Z  INFO run_check:run_check_internal:run_check_normal_internal:run_check_normal_internal_rr:e
xecute_build:work.run:work.run_with_logger: n2::work:774: executing build buildid=BuildId(7) location=azhzx/qbe/lexer@S
ource@Check:0 parallelism=12 failures_left=Some(10) adopt=false explain=false dirty_on_output=true parallelism=12 failu
res_left=Some(10) adopt=false explain=false dirty_on_output=true logger_present=false
2026-08-24T04:24:11.892445Z  INFO run_check:run_check_internal:run_check_normal_internal:run_check_normal_internal_rr:e
xecute_build:work.run:work.run_with_logger: n2::task:339: starting task tid=0 buildid=BuildId(7) parallelism=12 failure
s_left=Some(10) adopt=false explain=false dirty_on_output=true parallelism=12 failures_left=Some(10) adopt=false explai
n=false dirty_on_output=true logger_present=false
2026-08-24T04:24:11.892454Z  INFO run_check:run_check_internal:run_check_normal_internal:run_check_normal_internal_rr:e
xecute_build:work.run:work.run_with_logger: n2::work:774: executing build buildid=BuildId(9) location=azhzx/qbe/live@So
urce@Check:0 parallelism=12 failures_left=Some(10) adopt=false explain=false dirty_on_output=true parallelism=12 failur
es_left=Some(10) adopt=false explain=false dirty_on_output=true logger_present=false
2026-08-24T04:24:11.892546Z  INFO run_check:run_check_internal:run_check_normal_internal:run_check_normal_internal_rr:e
xecute_build:work.run:work.run_with_logger: n2::task:339: starting task tid=1 buildid=BuildId(9) parallelism=12 failure
s_left=Some(10) adopt=false explain=false dirty_on_output=true parallelism=12 failures_left=Some(10) adopt=false explai
n=false dirty_on_output=true logger_present=false
2026-08-24T04:24:11.892554Z  INFO run_check:run_check_internal:run_check_normal_internal:run_check_normal_internal_rr:e
xecute_build:work.run:work.run_with_logger: n2::work:774: executing build buildid=BuildId(13) location=azhzx/qbe/ssa@So
urce@Check:0 parallelism=12 failures_left=Some(10) adopt=false explain=false dirty_on_output=true parallelism=12 failur
es_left=Some(10) adopt=false explain=false dirty_on_output=true logger_present=false
2026-08-24T04:24:11.892691Z  INFO run_check:run_check_internal:run_check_normal_internal:run_check_normal_internal_rr:e
xecute_build:work.run:work.run_with_logger: n2::task:339: starting task tid=2 buildid=BuildId(13) parallelism=12 failur
es_left=Some(10) adopt=false explain=false dirty_on_output=true parallelism=12 failures_left=Some(10) adopt=false expla
in=false dirty_on_output=true logger_present=false
2026-08-24T04:24:11.977176Z  INFO run_check:run_check_internal:run_check_normal_internal:run_check_normal_internal_rr:e
xecute_build:work.run:work.run_with_logger: n2::work:841: build failed buildid=BuildId(9) location=azhzx/qbe/live@Sourc
e@Check:0 parallelism=12 failures_left=Some(10) adopt=false explain=false dirty_on_output=true parallelism=12 failures_
left=Some(10) adopt=false explain=false dirty_on_output=true logger_present=false
2026-08-24T04:24:11.985924Z  INFO run_check:run_check_internal:run_check_normal_internal:run_check_normal_internal_rr:e
xecute_build:work.run:work.run_with_logger: n2::work:858: build succeeded buildid=BuildId(7) location=azhzx/qbe/lexer@S
ource@Check:0 parallelism=12 failures_left=Some(10) adopt=false explain=false dirty_on_output=true parallelism=12 failu
res_left=Some(10) adopt=false explain=false dirty_on_output=true logger_present=false
2026-08-24T04:24:11.986188Z  INFO run_check:run_check_internal:run_check_normal_internal:run_check_normal_internal_rr:e
xecute_build:work.run:work.run_with_logger: n2::work:785: build up to date, skipping buildid=BuildId(8) parallelism=12 
failures_left=Some(10) adopt=false explain=false dirty_on_output=true parallelism=12 failures_left=Some(10) adopt=false
 explain=false dirty_on_output=true logger_present=false
2026-08-24T04:24:11.986638Z  INFO run_check:run_check_internal:run_check_normal_internal:run_check_normal_internal_rr:e
xecute_build:work.run:work.run_with_logger: n2::work:774: executing build buildid=BuildId(11) location=azhzx/qbe/parser
@Source@Check:0 parallelism=12 failures_left=Some(10) adopt=false explain=false dirty_on_output=true parallelism=12 fai
lures_left=Some(10) adopt=false explain=false dirty_on_output=true logger_present=false
2026-08-24T04:24:11.986774Z  INFO run_check:run_check_internal:run_check_normal_internal:run_check_normal_internal_rr:e
xecute_build:work.run:work.run_with_logger: n2::task:339: starting task tid=0 buildid=BuildId(11) parallelism=12 failur
es_left=Some(10) adopt=false explain=false dirty_on_output=true parallelism=12 failures_left=Some(10) adopt=false expla
in=false dirty_on_output=true logger_present=false
2026-08-24T04:24:12.014838Z  INFO run_check:run_check_internal:run_check_normal_internal:run_check_normal_internal_rr:e
xecute_build:work.run:work.run_with_logger: n2::work:841: build failed buildid=BuildId(13) location=azhzx/qbe/ssa@Sourc
e@Check:0 parallelism=12 failures_left=Some(10) adopt=false explain=false dirty_on_output=true parallelism=12 failures_
left=Some(10) adopt=false explain=false dirty_on_output=true logger_present=false
2026-08-24T04:24:12.056391Z  INFO run_check:run_check_internal:run_check_normal_internal:run_check_normal_internal_rr:e
xecute_build:work.run:work.run_with_logger: n2::work:841: build failed buildid=BuildId(11) location=azhzx/qbe/parser@So
urce@Check:0 parallelism=12 failures_left=Some(10) adopt=false explain=false dirty_on_output=true parallelism=12 failur
es_left=Some(10) adopt=false explain=false dirty_on_output=true logger_present=false
2026-08-24T04:24:12.056419Z  INFO run_check:run_check_internal:run_check_normal_internal:run_check_normal_internal_rr:e
xecute_build:work.run:work.run_with_logger: n2::work:871: build execution completed tasks_done=3 tasks_failed=3 success
=false parallelism=12 failures_left=Some(10) adopt=false explain=false dirty_on_output=true parallelism=12 failures_lef
t=Some(10) adopt=false explain=false dirty_on_output=true logger_present=false
Warning: [0001]
    ╭─[ E:\qbe.mbt\lexer\lexer.mbt:25:4 ]
    │
 25 │ fn is_ident_start(c : Char) -> Bool {
    │    ───────┬──────  
    │           ╰──────── Warning (unused_value): Unused function 'is_ident_start'
────╯
Warning: [0027]
    ╭─[ E:\qbe.mbt\lexer\lexer.mbt:42:3 ]
    │
 42 │   loop s {
    │   ────┬───  
    │       ╰───── Warning (deprecated_syntax): The syntax loop ... { ... } for functional loop is deprecated. Use rewr
ite this as a `for` loop with explicit loop binders (for example, `for state = init { ... }`), destructure composite st
ate explicitly inside the loop body, and use an explicit `break` to return the final result. instead.
────╯
Warning: [0027]
    ╭─[ E:\qbe.mbt\lexer\lexer.mbt:75:3 ]
    │
 75 │   loop s {
    │   ────┬───  
    │       ╰───── Warning (deprecated_syntax): The syntax loop ... { ... } for functional loop is deprecated. Use rewr
ite this as a `for` loop with explicit loop binders (for example, `for state = init { ... }`), destructure composite st
ate explicitly inside the loop body, and use an explicit `break` to return the final result. instead.
────╯
Warning: [0020]
    ╭─[ E:\qbe.mbt\lexer\lexer.mbt:82:22 ]
    │
 82 │       if c == '.' && not(is_float) {
    │                      ─┬─  
    │                       ╰─── Warning (deprecated): Use !expr instead
────╯
Warning: [0027]
     ╭─[ E:\qbe.mbt\lexer\lexer.mbt:101:3 ]
     │
 101 │   loop s {
     │   ────┬───  
     │       ╰───── Warning (deprecated_syntax): The syntax loop ... { ... } for functional loop is deprecated. Use rew
rite this as a `for` loop with explicit loop binders (for example, `for state = init { ... }`), destructure composite s
tate explicitly inside the loop body, and use an explicit `break` to return the final result. instead.
─────╯
Warning: [0027]
     ╭─[ E:\qbe.mbt\lexer\lexer.mbt:188:3 ]
     │
 188 │   loop code {
     │   ─────┬─────  
     │        ╰─────── Warning (deprecated_syntax): The syntax loop ... { ... } for functional loop is deprecated. Use 
rewrite this as a `for` loop with explicit loop binders (for example, `for state = init { ... }`), destructure composit
e state explicitly inside the loop body, and use an explicit `break` to return the final result. instead.
─────╯
Warning: [0027]
     ╭─[ E:\qbe.mbt\lexer\lexer.mbt:212:18 ]
     │
 212 │       let rest = loop rest {
     │                  ─────┬─────  
     │                       ╰─────── Warning (deprecated_syntax): The syntax loop ... { ... } for functional loop is d
eprecated. Use rewrite this as a `for` loop with explicit loop binders (for example, `for state = init { ... }`), destr
ucture composite state explicitly inside the loop body, and use an explicit `break` to return the final result. instead
.
─────╯
Warning: [0029]
   ╭─[ E:\qbe.mbt\lexer\moon.pkg:2:3 ]
   │
 2 │   "azhzx/qbe/types",
   │   ────────┬────────  
   │           ╰────────── Warning (unused_package): Unused package 'azhzx/qbe/types'
───╯
Error: [4028]
    ╭─[ E:\qbe.mbt\live\live.mbt:10:8 ]
    │
 10 │     if p.to.kind == @types.RTmp {
    │        ────┬────  
    │            ╰────── This expression has type @azhzx/qbe/types.Ref, which is a variant type and not a struct.
────╯
Error: [4018]
    ╭─[ E:\qbe.mbt\live\live.mbt:10:18 ]
    │
 10 │     if p.to.kind == @types.RTmp {
    │                  ─┬  
    │                   ╰── Type (Int) -> @azhzx/qbe/types.Ref does not implement trait Eq: no `impl` is defined
────╯
Error: [4203]
    ╭─[ E:\qbe.mbt\live\live.mbt:10:21 ]
    │
 10 │     if p.to.kind == @types.RTmp {
    │                     ─────┬─────  
    │                          ╰─────── Using constructors as higher order function directly is forbidden.
────╯
Error: [4028]
    ╭─[ E:\qbe.mbt\live\live.mbt:11:13 ]
    │
 11 │       v.clr(p.to.val)
    │             ────┬───  
    │                 ╰───── This expression has type @azhzx/qbe/types.Ref, which is a variant type and not a struct.
────╯
Error: [4028]
    ╭─[ E:\qbe.mbt\live\live.mbt:16:27 ]
    │
 16 │       if a.blk_id == b && a.value.kind == @types.RTmp {
    │                           ──────┬─────  
    │                                 ╰─────── This expression has type @azhzx/qbe/types.Ref, which is a variant type a
nd not a struct.
────╯
Error: [4018]
    ╭─[ E:\qbe.mbt\live\live.mbt:16:40 ]
    │
 16 │       if a.blk_id == b && a.value.kind == @types.RTmp {
    │                                        ─┬  
    │                                         ╰── Type (Int) -> @azhzx/qbe/types.Ref does not implement trait Eq: no `i
mpl` is defined
────╯
Error: [4203]
    ╭─[ E:\qbe.mbt\live\live.mbt:16:43 ]
    │
 16 │       if a.blk_id == b && a.value.kind == @types.RTmp {
    │                                           ─────┬─────  
    │                                                ╰─────── Using constructors as higher order function directly is f
orbidden.
────╯
Error: [4028]
    ╭─[ E:\qbe.mbt\live\live.mbt:17:15 ]
    │
 17 │         v.set(a.value.val)
    │               ─────┬─────  
    │                    ╰─────── This expression has type @azhzx/qbe/types.Ref, which is a variant type and not a stru
ct.
────╯
Error: [4028]
    ╭─[ E:\qbe.mbt\live\live.mbt:18:32 ]
    │
 18 │         s.gen_set.unwrap().set(a.value.val)
    │                                ─────┬─────  
    │                                     ╰─────── This expression has type @azhzx/qbe/types.Ref, which is a variant ty
pe and not a struct.
────╯
Error: [4028]
    ╭─[ E:\qbe.mbt\live\live.mbt:26:6 ]
    │
 26 │   if r.kind != @types.RTmp {
    │      ───┬──  
    │         ╰──── This expression has type @azhzx/qbe/types.Ref, which is a variant type and not a struct.
────╯
Error: [4018]
    ╭─[ E:\qbe.mbt\live\live.mbt:26:13 ]
    │
 26 │   if r.kind != @types.RTmp {
    │             ─┬  
    │              ╰── Type (Int) -> @azhzx/qbe/types.Ref does not implement trait Eq: no `impl` is defined
────╯
Error: [4203]
    ╭─[ E:\qbe.mbt\live\live.mbt:26:16 ]
    │
 26 │   if r.kind != @types.RTmp {
    │                ─────┬─────  
    │                     ╰─────── Using constructors as higher order function directly is forbidden.
────╯
Error: [4028]
    ╭─[ E:\qbe.mbt\live\live.mbt:30:9 ]
    │
 30 │   g.set(r.val)
    │         ──┬──  
    │           ╰──── This expression has type @azhzx/qbe/types.Ref, which is a variant type and not a struct.
────╯
Error: [4028]
    ╭─[ E:\qbe.mbt\live\live.mbt:32:15 ]
    │
 32 │   if !in_.has(r.val) {
    │               ──┬──  
    │                 ╰──── This expression has type @azhzx/qbe/types.Ref, which is a variant type and not a struct.
────╯
Error: [4028]
    ╭─[ E:\qbe.mbt\live\live.mbt:33:19 ]
    │
 33 │     nlv[kbase(tmp[r.val].cls)] = nlv[kbase(tmp[r.val].cls)] + 1
    │                   ──┬──  
    │                     ╰──── This expression has type @azhzx/qbe/types.Ref, which is a variant type and not a struct
.
────╯
Error: [4028]
    ╭─[ E:\qbe.mbt\live\live.mbt:33:48 ]
    │
 33 │     nlv[kbase(tmp[r.val].cls)] = nlv[kbase(tmp[r.val].cls)] + 1
    │                                                ──┬──  
    │                                                  ╰──── This expression has type @azhzx/qbe/types.Ref, which is a 
variant type and not a struct.
────╯
Error: [4028]
    ╭─[ E:\qbe.mbt\live\live.mbt:34:13 ]
    │
 34 │     in_.set(r.val)
    │             ──┬──  
    │               ╰──── This expression has type @azhzx/qbe/types.Ref, which is a variant type and not a struct.
────╯
Warning: [0002]
    ╭─[ E:\qbe.mbt\live\live.mbt:51:7 ]
    │
 51 │   let nb = fn_.nblk()
    │       ─┬  
    │        ╰── Warning (unused_value): Unused variable 'nb'
────╯
Error: [4028]
     ╭─[ E:\qbe.mbt\live\live.mbt:102:19 ]
     │
 102 │           let t = ins.to.val
     │                   ─────┬────  
     │                        ╰────── This expression has type @azhzx/qbe/types.Ref, which is a variant type and not a 
struct.
─────╯
Warning: [0020]
    ╭─[ E:\qbe.mbt\parser\data.mbt:55:15 ]
    │
 55 │         while not(done) {
    │               ─┬─  
    │                ╰─── Warning (deprecated): Use !expr instead
────╯
Warning: [0020]
    ╭─[ E:\qbe.mbt\parser\data.mbt:60:33 ]
    │
 60 │               let num_str = raw.substring(start=2)
    │                                 ────┬────  
    │                                     ╰────── Warning (deprecated): Use `str[:]` or `str[:].to_string()` instead
────╯
Warning: [0020]
    ╭─[ E:\qbe.mbt\parser\data.mbt:61:41 ]
    │
 61 │               let (fval, err_msg) = try @strconv.parse_double(num_str) catch {
    │                                         ──────────┬──────────  
    │                                                   ╰──────────── Warning (deprecated): use `@string.parse_double` 
instead
────╯
Warning: [0020]
    ╭─[ E:\qbe.mbt\parser\data.mbt:74:30 ]
    │
 74 │                   flts: fval.to_float(),
    │                              ────┬───  
    │                                  ╰───── Warning (deprecated): Use `Float::from_double` instead
────╯
Warning: [0001]
     ╭─[ E:\qbe.mbt\parser\func.mbt:177:12 ]
     │
 177 │ fn Parser::closeblk(self : Self) -> Unit {
     │            ────┬───  
     │                ╰───── Warning (unused_value): Unused function 'closeblk'
─────╯
Error: [4036]
     ╭─[ E:\qbe.mbt\parser\parser.mbt:111:11 ]
     │
 111 │     raise @util.QbeError::ParseError(
     │           ─────────────┬────────────  
     │                        ╰────────────── Cannot create values of the read-only type: ParseError.
─────╯
Error: [4036]
     ╭─[ E:\qbe.mbt\parser\parser.mbt:127:11 ]
     │
 127 │     raise @util.QbeError::ParseError(
     │           ─────────────┬────────────  
     │                        ╰────────────── Cannot create values of the read-only type: ParseError.
─────╯
Error: [4036]
     ╭─[ E:\qbe.mbt\parser\parser.mbt:144:3 ]
     │
 144 │   @util.QbeError::ParseError(self.source_file, self.line, msg)
     │   ─────────────┬────────────  
     │                ╰────────────── Cannot create values of the read-only type: ParseError.
─────╯
Error: [4028]
    ╭─[ E:\qbe.mbt\parser\print.mbt:82:9 ]
    │
 82 │   match r.kind {
    │         ───┬──  
    │            ╰──── This expression has type @azhzx/qbe/types.Ref, which is a variant type and not a struct.
────╯
Warning: [0057]
    ╭─[ E:\qbe.mbt\parser\print.mbt:83:5 ]
    │
 83 │     @types.RTmp =>
    │     ─────┬─────  
    │          ╰─────── Warning (missing_pattern_payload): 1 positional arguments of the constructor 'RTmp' are omitted
 in the pattern.
────╯
Error: [4028]
    ╭─[ E:\qbe.mbt\parser\print.mbt:84:10 ]
    │
 84 │       if r.val < 0 {
    │          ──┬──  
    │            ╰──── This expression has type @azhzx/qbe/types.Ref, which is a variant type and not a struct.
────╯
Error: [4028]
    ╭─[ E:\qbe.mbt\parser\print.mbt:88:34 ]
    │
 88 │         sb.write_string(fn_.tmps[r.val].name)
    │                                  ──┬──  
    │                                    ╰──── This expression has type @azhzx/qbe/types.Ref, which is a variant type a
nd not a struct.
────╯
Warning: [0057]
    ╭─[ E:\qbe.mbt\parser\print.mbt:90:5 ]
    │
 90 │     @types.RCon => printcon(fn_.cons[r.val], interner, sb)
    │     ─────┬─────  
    │          ╰─────── Warning (missing_pattern_payload): 1 positional arguments of the constructor 'RCon' are omitted
 in the pattern.
────╯
Error: [4028]
    ╭─[ E:\qbe.mbt\parser\print.mbt:90:38 ]
    │
 90 │     @types.RCon => printcon(fn_.cons[r.val], interner, sb)
    │                                      ──┬──  
    │                                        ╰──── This expression has type @azhzx/qbe/types.Ref, which is a variant ty
pe and not a struct.
────╯
Warning: [0057]
    ╭─[ E:\qbe.mbt\parser\print.mbt:91:5 ]
    │
 91 │     @types.RSlot =>
    │     ──────┬─────  
    │           ╰─────── Warning (missing_pattern_payload): 1 positional arguments of the constructor 'RSlot' are omitt
ed in the pattern.
────╯
Error: [4028]
    ╭─[ E:\qbe.mbt\parser\print.mbt:92:27 ]
    │
 92 │       sb.write_string("S\{r.val}")
    │                           ──┬──  
    │                             ╰──── This expression has type @azhzx/qbe/types.Ref, which is a variant type and not 
a struct.
────╯
Warning: [0057]
    ╭─[ E:\qbe.mbt\parser\print.mbt:93:5 ]
    │
 93 │     @types.RCall =>
    │     ──────┬─────  
    │           ╰─────── Warning (missing_pattern_payload): 1 positional arguments of the constructor 'RCall' are omitt
ed in the pattern.
────╯
Error: [4028]
    ╭─[ E:\qbe.mbt\parser\print.mbt:94:27 ]
    │
 94 │       sb.write_string("R\{r.val}")
    │                           ──┬──  
    │                             ╰──── This expression has type @azhzx/qbe/types.Ref, which is a variant type and not 
a struct.
────╯
Warning: [0057]
    ╭─[ E:\qbe.mbt\parser\print.mbt:95:5 ]
    │
 95 │     @types.RType => {
    │     ──────┬─────  
    │           ╰─────── Warning (missing_pattern_payload): 1 positional arguments of the constructor 'RType' are omitt
ed in the pattern.
────╯
Error: [4028]
    ╭─[ E:\qbe.mbt\parser\print.mbt:97:32 ]
    │
 97 │       sb.write_string(all_typs[r.val].name)
    │                                ──┬──  
    │                                  ╰──── This expression has type @azhzx/qbe/types.Ref, which is a variant type and
 not a struct.
────╯
Warning: [0057]
    ╭─[ E:\qbe.mbt\parser\print.mbt:99:5 ]
    │
 99 │     @types.RMem => printmem(fn_.mems[r.val], fn_, interner, sb, all_typs)
    │     ─────┬─────  
    │          ╰─────── Warning (missing_pattern_payload): 1 positional arguments of the constructor 'RMem' are omitted
 in the pattern.
────╯
Error: [4028]
    ╭─[ E:\qbe.mbt\parser\print.mbt:99:38 ]
    │
 99 │     @types.RMem => printmem(fn_.mems[r.val], fn_, interner, sb, all_typs)
    │                                      ──┬──  
    │                                        ╰──── This expression has type @azhzx/qbe/types.Ref, which is a variant ty
pe and not a struct.
────╯
Warning: [0020]
    ╭─[ E:\qbe.mbt\parser\ref.mbt:71:25 ]
    │
 71 │       let num_str = raw.substring(start=2)
    │                         ────┬────  
    │                             ╰────── Warning (deprecated): Use `str[:]` or `str[:].to_string()` instead
────╯
Warning: [0020]
    ╭─[ E:\qbe.mbt\parser\ref.mbt:72:33 ]
    │
 72 │       let (fval, err_msg) = try @strconv.parse_double(num_str) catch {
    │                                 ──────────┬──────────  
    │                                           ╰──────────── Warning (deprecated): use `@string.parse_double` instead
────╯
Warning: [0020]
    ╭─[ E:\qbe.mbt\parser\ref.mbt:81:43 ]
    │
 81 │         let con = @types.Con::single(fval.to_float())
    │                                           ────┬───  
    │                                               ╰───── Warning (deprecated): Use `Float::from_double` instead
────╯
Error: [4028]
   ╭─[ E:\qbe.mbt\ssa\copy.mbt:7:6 ]
   │
 7 │   if r.kind == @types.RTmp {
   │      ───┬──  
   │         ╰──── This expression has type @azhzx/qbe/types.Ref, which is a variant type and not a struct.
───╯
Error: [4018]
   ╭─[ E:\qbe.mbt\ssa\copy.mbt:7:13 ]
   │
 7 │   if r.kind == @types.RTmp {
   │             ─┬  
   │              ╰── Type (Int) -> @azhzx/qbe/types.Ref does not implement trait Eq: no `impl` is defined
───╯
Error: [4203]
   ╭─[ E:\qbe.mbt\ssa\copy.mbt:7:16 ]
   │
 7 │   if r.kind == @types.RTmp {
   │                ─────┬─────  
   │                     ╰─────── Using constructors as higher order function directly is forbidden.
───╯
Error: [4028]
   ╭─[ E:\qbe.mbt\ssa\copy.mbt:8:8 ]
   │
 8 │     cp[r.val]
   │        ──┬──  
   │          ╰──── This expression has type @azhzx/qbe/types.Ref, which is a variant type and not a struct.
───╯
Error: [4028]
    ╭─[ E:\qbe.mbt\ssa\copy.mbt:23:21 ]
    │
 23 │   if !@types.req(cp[r.val], rcp) {
    │                     ──┬──  
    │                       ╰──── This expression has type @azhzx/qbe/types.Ref, which is a variant type and not a stru
ct.
────╯
Error: [4028]
    ╭─[ E:\qbe.mbt\ssa\copy.mbt:24:8 ]
    │
 24 │     cp[r.val] = rcp
    │        ──┬──  
    │          ╰──── This expression has type @azhzx/qbe/types.Ref, which is a variant type and not a struct.
────╯
Error: [4028]
    ╭─[ E:\qbe.mbt\ssa\copy.mbt:25:17 ]
    │
 25 │     if !visited[r.val] {
    │                 ──┬──  
    │                   ╰──── This expression has type @azhzx/qbe/types.Ref, which is a variant type and not a struct.
────╯
Error: [4028]
    ╭─[ E:\qbe.mbt\ssa\copy.mbt:26:15 ]
    │
 26 │       visited[r.val] = true
    │               ──┬──  
    │                 ╰──── This expression has type @azhzx/qbe/types.Ref, which is a variant type and not a struct.
────╯
Error: [4028]
    ╭─[ E:\qbe.mbt\ssa\copy.mbt:27:15 ]
    │
 27 │       wl.push(r.val)
    │               ──┬──  
    │                 ╰──── This expression has type @azhzx/qbe/types.Ref, which is a variant type and not a struct.
────╯
Error: [4028]
    ╭─[ E:\qbe.mbt\ssa\copy.mbt:38:30 ]
    │
 38 │   if !@types.is_ext(i.op) || r.kind != @types.RTmp {
    │                              ───┬──  
    │                                 ╰──── This expression has type @azhzx/qbe/types.Ref, which is a variant type and 
not a struct.
────╯
Error: [4018]
    ╭─[ E:\qbe.mbt\ssa\copy.mbt:38:37 ]
    │
 38 │   if !@types.is_ext(i.op) || r.kind != @types.RTmp {
    │                                     ─┬  
    │                                      ╰── Type (Int) -> @azhzx/qbe/types.Ref does not implement trait Eq: no `impl
` is defined
────╯
Error: [4203]
    ╭─[ E:\qbe.mbt\ssa\copy.mbt:38:40 ]
    │
 38 │   if !@types.is_ext(i.op) || r.kind != @types.RTmp {
    │                                        ─────┬─────  
    │                                             ╰─────── Using constructors as higher order function directly is forb
idden.
────╯
Error: [4028]
    ╭─[ E:\qbe.mbt\ssa\copy.mbt:44:20 ]
    │
 44 │   let t = fn_.tmps[r.val]
    │                    ──┬──  
    │                      ╰──── This expression has type @azhzx/qbe/types.Ref, which is a variant type and not a struc
t.
────╯
Error: [4028]
     ╭─[ E:\qbe.mbt\ssa\copy.mbt:148:18 ]
     │
 148 │       let r = cp[p.to.val]
     │                  ────┬───  
     │                      ╰───── This expression has type @azhzx/qbe/types.Ref, which is a variant type and not a str
uct.
─────╯
Error: [4028]
    ╭─[ E:\qbe.mbt\ssa\memopt.mbt:21:8 ]
    │
 21 │     if i.to.kind != @types.RTmp {
    │        ────┬────  
    │            ╰────── This expression has type @azhzx/qbe/types.Ref, which is a variant type and not a struct.
────╯
Error: [4018]
    ╭─[ E:\qbe.mbt\ssa\memopt.mbt:21:18 ]
    │
 21 │     if i.to.kind != @types.RTmp {
    │                  ─┬  
    │                   ╰── Type (Int) -> @azhzx/qbe/types.Ref does not implement trait Eq: no `impl` is defined
────╯
Error: [4203]
    ╭─[ E:\qbe.mbt\ssa\memopt.mbt:21:21 ]
    │
 21 │     if i.to.kind != @types.RTmp {
    │                     ─────┬─────  
    │                          ╰─────── Using constructors as higher order function directly is forbidden.
────╯
Error: [4028]
    ╭─[ E:\qbe.mbt\ssa\memopt.mbt:24:19 ]
    │
 24 │     let alloc_t = i.to.val
    │                   ────┬───  
    │                       ╰───── This expression has type @azhzx/qbe/types.Ref, which is a variant type and not a str
uct.
────╯
Error: [4051]
     ╭─[ E:\qbe.mbt\ssa\memopt.mbt:109:4 ]
     │
 109 │ fn kcode(k : @types.Class) -> Int {
     │    ──┬──  
     │      ╰──── The toplevel identifier kcode is declared twice: it was previously defined at E:\qbe.mbt\ssa\ssa.mbt:
137:4.
─────╯
Warning: [0029]
   ╭─[ E:\qbe.mbt\ssa\moon.pkg:3:3 ]
   │
 3 │   "azhzx/qbe/cfg",
   │   ───────┬───────  
   │          ╰───────── Warning (unused_package): Unused package 'azhzx/qbe/cfg'
───╯
Warning: [0029]
   ╭─[ E:\qbe.mbt\ssa\moon.pkg:4:3 ]
   │
 4 │   "azhzx/qbe/util",
   │   ────────┬───────  
   │           ╰───────── Warning (unused_package): Unused package 'azhzx/qbe/util'
───╯
Warning: [0004]
    ╭─[ E:\qbe.mbt\ssa\ssa.mbt:17:8 ]
    │
 17 │ struct Name {
    │        ──┬─  
    │          ╰─── Warning (missing_priv): The type 'Name' does not occur in public signature of current package, cons
ider marking it as `priv`.
────╯
Warning: [0004]
    ╭─[ E:\qbe.mbt\ssa\ssa.mbt:25:8 ]
    │
 25 │ struct NamePool {
    │        ────┬───  
    │            ╰───── Warning (missing_priv): The type 'NamePool' does not occur in public signature of current packa
ge, consider marking it as `priv`.
────╯
Error: [4021]
    ╭─[ E:\qbe.mbt\ssa\ssa.mbt:67:5 ]
    │
 67 │     var k = -1
    │     ─┬─  
    │      ╰─── The value identifier var is unbound.
────╯
Warning: [0035]
    ╭─[ E:\qbe.mbt\ssa\ssa.mbt:67:5 ]
    │
 67 │     var k = -1
    │     ─┬─  
    │      ╰─── Warning (reserved_keyword): The word `var` is reserved for possible future use. Please consider using a
nother name.
────╯
Error: [3002]
    ╭─[ E:\qbe.mbt\ssa\ssa.mbt:67:9 ]
    │
 67 │     var k = -1
    │         ┬  
    │         ╰── Parse error, unexpected token id (lowercase start), you may expect a statement or expression on a new
 line, or `}` to close the block.
────╯
Error: [4021]
    ╭─[ E:\qbe.mbt\ssa\ssa.mbt:68:5 ]
    │
 68 │     var bp = 0
    │     ─┬─  
    │      ╰─── The value identifier var is unbound.
────╯
Warning: [0035]
    ╭─[ E:\qbe.mbt\ssa\ssa.mbt:68:5 ]
    │
 68 │     var bp = 0
    │     ─┬─  
    │      ╰─── Warning (reserved_keyword): The word `var` is reserved for possible future use. Please consider using a
nother name.
────╯
Error: [3002]
    ╭─[ E:\qbe.mbt\ssa\ssa.mbt:68:9 ]
    │
 68 │     var bp = 0
    │         ─┬  
    │          ╰── Parse error, unexpected token id (lowercase start), you may expect a statement or expression on a ne
w line, or `}` to close the block.
────╯
Error: [4021]
    ╭─[ E:\qbe.mbt\ssa\ssa.mbt:69:5 ]
    │
 69 │     var be = 0
    │     ─┬─  
    │      ╰─── The value identifier var is unbound.
────╯
Warning: [0035]
    ╭─[ E:\qbe.mbt\ssa\ssa.mbt:69:5 ]
    │
 69 │     var be = 0
    │     ─┬─  
    │      ╰─── Warning (reserved_keyword): The word `var` is reserved for possible future use. Please consider using a
nother name.
────╯
Error: [3002]
    ╭─[ E:\qbe.mbt\ssa\ssa.mbt:69:9 ]
    │
 69 │     var be = 0
    │         ─┬  
    │          ╰── Parse error, unexpected token id (lowercase start), you may expect a statement or expression on a ne
w line, or `}` to close the block.
────╯
Error: [4021]
    ╭─[ E:\qbe.mbt\ssa\ssa.mbt:74:7 ]
    │
 74 │       var r = @types.ref_none()
    │       ─┬─  
    │        ╰─── The value identifier var is unbound.
────╯
Warning: [0035]
    ╭─[ E:\qbe.mbt\ssa\ssa.mbt:74:7 ]
    │
 74 │       var r = @types.ref_none()
    │       ─┬─  
    │        ╰─── Warning (reserved_keyword): The word `var` is reserved for possible future use. Please consider using
 another name.
────╯
Error: [3002]
    ╭─[ E:\qbe.mbt\ssa\ssa.mbt:74:11 ]
    │
 74 │       var r = @types.ref_none()
    │           ┬  
    │           ╰── Parse error, unexpected token id (lowercase start), you may expect a statement or expression on a n
ew line, or `}` to close the block.
────╯
Error: [4021]
    ╭─[ E:\qbe.mbt\ssa\ssa.mbt:77:13 ]
    │
 77 │         if !r.is_none() {
    │             ┬  
    │             ╰── The value identifier r is unbound.
────╯
Error: [4021]
    ╭─[ E:\qbe.mbt\ssa\ssa.mbt:79:22 ]
    │
 79 │             i.arg1 = r
    │                      ┬  
    │                      ╰── The value identifier r is unbound.
────╯
Error: [4021]
    ╭─[ E:\qbe.mbt\ssa\ssa.mbt:82:22 ]
    │
 82 │             i.arg2 = r
    │                      ┬  
    │                      ╰── The value identifier r is unbound.
────╯
Error: [4021]
    ╭─[ E:\qbe.mbt\ssa\ssa.mbt:88:15 ]
    │
 88 │               r = @types.Ref::tmp(t)
    │               ───────────┬──────────  
    │                          ╰──────────── The value identifier r is unbound.
────╯
Error: [4021]
    ╭─[ E:\qbe.mbt\ssa\ssa.mbt:90:15 ]
    │
 90 │               r = refindex(t, fn_)
    │               ──────────┬─────────  
    │                         ╰─────────── The value identifier r is unbound.
────╯
Error: [4021]
    ╭─[ E:\qbe.mbt\ssa\ssa.mbt:92:20 ]
    │
 92 │             i.to = r
    │                    ┬  
    │                    ╰── The value identifier r is unbound.
────╯
Error: [4021]
    ╭─[ E:\qbe.mbt\ssa\ssa.mbt:96:20 ]
    │
 96 │               work[bp] = id
    │                    ─┬  
    │                     ╰── The value identifier bp is unbound.
────╯
Error: [4021]
    ╭─[ E:\qbe.mbt\ssa\ssa.mbt:97:15 ]
    │
 97 │               bp = bp + 1
    │               ─────┬─────  
    │                    ╰─────── The value identifier bp is unbound.
────╯
Error: [4021]
    ╭─[ E:\qbe.mbt\ssa\ssa.mbt:97:20 ]
    │
 97 │               bp = bp + 1
    │                    ─┬  
    │                     ╰── The value identifier bp is unbound.
────╯
Error: [4021]
    ╭─[ E:\qbe.mbt\ssa\ssa.mbt:99:25 ]
    │
 99 │             if clsmerge(ref k, kcode(i.cls)) {
    │                         ─┬─  
    │                          ╰─── The value identifier ref is unbound.
────╯
Warning: [0035]
    ╭─[ E:\qbe.mbt\ssa\ssa.mbt:99:25 ]
    │
 99 │             if clsmerge(ref k, kcode(i.cls)) {
    │                         ─┬─  
    │                          ╰─── Warning (reserved_keyword): The word `ref` is reserved for possible future use. Ple
ase consider using another name.
────╯
Error: [3002]
    ╭─[ E:\qbe.mbt\ssa\ssa.mbt:99:29 ]
    │
 99 │             if clsmerge(ref k, kcode(i.cls)) {
    │                             ┬  
    │                             ╰── Parse error, unexpected token id (lowercase start), you may expect `,` or `)`.
────╯
Error: [4021]
     ╭─[ E:\qbe.mbt\ssa\ssa.mbt:105:11 ]
     │
 105 │       if !r.is_none() && @types.req(b.jmp.arg, @types.Ref::tmp(t)) {
     │           ┬  
     │           ╰── The value identifier r is unbound.
─────╯
Error: [4021]
     ╭─[ E:\qbe.mbt\ssa\ssa.mbt:106:21 ]
     │
 106 │         b.jmp.arg = r
     │                     ┬  
     │                     ╰── The value identifier r is unbound.
─────╯
Error: [4021]
     ╭─[ E:\qbe.mbt\ssa\ssa.mbt:112:11 ]
     │
 112 │     while bp != be {
     │           ─┬  
     │            ╰── The value identifier bp is unbound.
─────╯
Error: [4021]
     ╭─[ E:\qbe.mbt\ssa\ssa.mbt:112:17 ]
     │
 112 │     while bp != be {
     │                 ─┬  
     │                  ╰── The value identifier be is unbound.
─────╯
Error: [4021]
     ╭─[ E:\qbe.mbt\ssa\ssa.mbt:114:23 ]
     │
 114 │       let b_id = work[be]
     │                       ─┬  
     │                        ╰── The value identifier be is unbound.
─────╯
Error: [4021]
     ╭─[ E:\qbe.mbt\ssa\ssa.mbt:115:7 ]
     │
 115 │       be = be + 1
     │       ─────┬─────  
     │            ╰─────── The value identifier be is unbound.
─────╯
Error: [4021]
     ╭─[ E:\qbe.mbt\ssa\ssa.mbt:115:12 ]
     │
 115 │       be = be + 1
     │            ─┬  
     │             ╰── The value identifier be is unbound.
─────╯
Error: [4021]
     ╭─[ E:\qbe.mbt\ssa\ssa.mbt:126:20 ]
     │
 126 │               work[bp] = f
     │                    ─┬  
     │                     ╰── The value identifier bp is unbound.
─────╯
Error: [4021]
     ╭─[ E:\qbe.mbt\ssa\ssa.mbt:127:15 ]
     │
 127 │               bp = bp + 1
     │               ─────┬─────  
     │                    ╰─────── The value identifier bp is unbound.
─────╯
Error: [4021]
     ╭─[ E:\qbe.mbt\ssa\ssa.mbt:127:20 ]
     │
 127 │               bp = bp + 1
     │                    ─┬  
     │                     ╰── The value identifier bp is unbound.
─────╯
Error: [4051]
     ╭─[ E:\qbe.mbt\ssa\ssa.mbt:137:4 ]
     │
 137 │ fn kcode(k : @types.Class) -> Int {
     │    ──┬──  
     │      ╰──── The toplevel identifier kcode is declared twice: it was previously defined at E:\qbe.mbt\ssa\use.mbt:
12:8.
─────╯
Warning: [0001]
     ╭─[ E:\qbe.mbt\ssa\ssa.mbt:137:4 ]
     │
 137 │ fn kcode(k : @types.Class) -> Int {
     │    ──┬──  
     │      ╰──── Warning (unused_value): Unused function 'kcode'
─────╯
Error: [4028]
     ╭─[ E:\qbe.mbt\ssa\ssa.mbt:161:8 ]
     │
 161 │     if p.to.kind == @types.RTmp {
     │        ────┬────  
     │            ╰────── This expression has type @azhzx/qbe/types.Ref, which is a variant type and not a struct.
─────╯
Error: [4018]
     ╭─[ E:\qbe.mbt\ssa\ssa.mbt:161:18 ]
     │
 161 │     if p.to.kind == @types.RTmp {
     │                  ─┬  
     │                   ╰── Type (Int) -> @azhzx/qbe/types.Ref does not implement trait Eq: no `impl` is defined
─────╯
Error: [4203]
     ╭─[ E:\qbe.mbt\ssa\ssa.mbt:161:21 ]
     │
 161 │     if p.to.kind == @types.RTmp {
     │                     ─────┬─────  
     │                          ╰─────── Using constructors as higher order function directly is forbidden.
─────╯
Error: [4028]
     ╭─[ E:\qbe.mbt\ssa\ssa.mbt:162:15 ]
     │
 162 │       let t = p.to.val
     │               ────┬───  
     │                   ╰───── This expression has type @azhzx/qbe/types.Ref, which is a variant type and not a struct
.
─────╯
Error: [4028]
     ╭─[ E:\qbe.mbt\ssa\ssa.mbt:165:18 ]
     │
 165 │         fn_.tmps[r.val].visit = t
     │                  ──┬──  
     │                    ╰──── This expression has type @azhzx/qbe/types.Ref, which is a variant type and not a struct
.
─────╯
Error: [4028]
     ╭─[ E:\qbe.mbt\ssa\ssa.mbt:175:8 ]
     │
 175 │     if ins.arg1.kind == @types.RTmp {
     │        ──────┬──────  
     │              ╰──────── This expression has type @azhzx/qbe/types.Ref, which is a variant type and not a struct.
─────╯
Error: [4018]
     ╭─[ E:\qbe.mbt\ssa\ssa.mbt:175:22 ]
     │
 175 │     if ins.arg1.kind == @types.RTmp {
     │                      ─┬  
     │                       ╰── Type (Int) -> @azhzx/qbe/types.Ref does not implement trait Eq: no `impl` is defined
─────╯
Error: [4203]
     ╭─[ E:\qbe.mbt\ssa\ssa.mbt:175:25 ]
     │
 175 │     if ins.arg1.kind == @types.RTmp {
     │                         ─────┬─────  
     │                              ╰─────── Using constructors as higher order function directly is forbidden.
─────╯
Error: [4028]
     ╭─[ E:\qbe.mbt\ssa\ssa.mbt:176:15 ]
     │
 176 │       let t = ins.arg1.val
     │               ──────┬─────  
     │                     ╰─────── This expression has type @azhzx/qbe/types.Ref, which is a variant type and not a st
ruct.
─────╯
Error: [4028]
     ╭─[ E:\qbe.mbt\ssa\ssa.mbt:181:8 ]
     │
 181 │     if ins.arg2.kind == @types.RTmp {
     │        ──────┬──────  
     │              ╰──────── This expression has type @azhzx/qbe/types.Ref, which is a variant type and not a struct.
─────╯
Error: [4018]
     ╭─[ E:\qbe.mbt\ssa\ssa.mbt:181:22 ]
     │
 181 │     if ins.arg2.kind == @types.RTmp {
     │                      ─┬  
     │                       ╰── Type (Int) -> @azhzx/qbe/types.Ref does not implement trait Eq: no `impl` is defined
─────╯
Error: [4203]
     ╭─[ E:\qbe.mbt\ssa\ssa.mbt:181:25 ]
     │
 181 │     if ins.arg2.kind == @types.RTmp {
     │                         ─────┬─────  
     │                              ╰─────── Using constructors as higher order function directly is forbidden.
─────╯
Error: [4028]
     ╭─[ E:\qbe.mbt\ssa\ssa.mbt:182:15 ]
     │
 182 │       let t = ins.arg2.val
     │               ──────┬─────  
     │                     ╰─────── This expression has type @azhzx/qbe/types.Ref, which is a variant type and not a st
ruct.
─────╯
Error: [4028]
     ╭─[ E:\qbe.mbt\ssa\ssa.mbt:188:29 ]
     │
 188 │     if !ins.to.is_none() && ins.to.kind == @types.RTmp {
     │                             ─────┬─────  
     │                                  ╰─────── This expression has type @azhzx/qbe/types.Ref, which is a variant type
 and not a struct.
─────╯
Error: [4018]
     ╭─[ E:\qbe.mbt\ssa\ssa.mbt:188:41 ]
     │
 188 │     if !ins.to.is_none() && ins.to.kind == @types.RTmp {
     │                                         ─┬  
     │                                          ╰── Type (Int) -> @azhzx/qbe/types.Ref does not implement trait Eq: no 
`impl` is defined
─────╯
Error: [4203]
     ╭─[ E:\qbe.mbt\ssa\ssa.mbt:188:44 ]
     │
 188 │     if !ins.to.is_none() && ins.to.kind == @types.RTmp {
     │                                            ─────┬─────  
     │                                                 ╰─────── Using constructors as higher order function directly is
 forbidden.
─────╯
Error: [4028]
     ╭─[ E:\qbe.mbt\ssa\ssa.mbt:189:15 ]
     │
 189 │       let t = ins.to.val
     │               ─────┬────  
     │                    ╰────── This expression has type @azhzx/qbe/types.Ref, which is a variant type and not a stru
ct.
─────╯
Error: [4028]
     ╭─[ E:\qbe.mbt\ssa\ssa.mbt:192:18 ]
     │
 192 │         fn_.tmps[r.val].visit = t
     │                  ──┬──  
     │                    ╰──── This expression has type @azhzx/qbe/types.Ref, which is a variant type and not a struct
.
─────╯
Error: [4028]
     ╭─[ E:\qbe.mbt\ssa\ssa.mbt:199:6 ]
     │
 199 │   if b.jmp.arg.kind == @types.RTmp {
     │      ───────┬──────  
     │             ╰──────── This expression has type @azhzx/qbe/types.Ref, which is a variant type and not a struct.
─────╯
Error: [4018]
     ╭─[ E:\qbe.mbt\ssa\ssa.mbt:199:21 ]
     │
 199 │   if b.jmp.arg.kind == @types.RTmp {
     │                     ─┬  
     │                      ╰── Type (Int) -> @azhzx/qbe/types.Ref does not implement trait Eq: no `impl` is defined
─────╯
Error: [4203]
     ╭─[ E:\qbe.mbt\ssa\ssa.mbt:199:24 ]
     │
 199 │   if b.jmp.arg.kind == @types.RTmp {
     │                        ─────┬─────  
     │                             ╰─────── Using constructors as higher order function directly is forbidden.
─────╯
Error: [4028]
     ╭─[ E:\qbe.mbt\ssa\ssa.mbt:200:13 ]
     │
 200 │     let t = b.jmp.arg.val
     │             ──────┬──────  
     │                   ╰──────── This expression has type @azhzx/qbe/types.Ref, which is a variant type and not a str
uct.
─────╯
Error: [4028]
     ╭─[ E:\qbe.mbt\ssa\ssa.mbt:216:15 ]
     │
 216 │       let t = p.to.val
     │               ────┬───  
     │                   ╰───── This expression has type @azhzx/qbe/types.Ref, which is a variant type and not a struct
.
─────╯
Error: [4028]
     ╭─[ E:\qbe.mbt\ssa\ssa.mbt:217:10 ]
     │
 217 │       if p.to.kind == @types.RTmp && fn_.tmps[t].visit != 0 {
     │          ────┬────  
     │              ╰────── This expression has type @azhzx/qbe/types.Ref, which is a variant type and not a struct.
─────╯
Error: [4018]
     ╭─[ E:\qbe.mbt\ssa\ssa.mbt:217:20 ]
     │
 217 │       if p.to.kind == @types.RTmp && fn_.tmps[t].visit != 0 {
     │                    ─┬  
     │                     ╰── Type (Int) -> @azhzx/qbe/types.Ref does not implement trait Eq: no `impl` is defined
─────╯
Error: [4203]
     ╭─[ E:\qbe.mbt\ssa\ssa.mbt:217:23 ]
     │
 217 │       if p.to.kind == @types.RTmp && fn_.tmps[t].visit != 0 {
     │                       ─────┬─────  
     │                            ╰─────── Using constructors as higher order function directly is forbidden.
─────╯
Warning: [0002]
     ╭─[ E:\qbe.mbt\ssa\ssa.mbt:224:7 ]
     │
 224 │   let child = b.dom_link
     │       ──┬──  
     │         ╰──── Warning (unused_value): Unused variable 'child'
─────╯
Error: [4021]
     ╭─[ E:\qbe.mbt\ssa\ssa.mbt:225:3 ]
     │
 225 │   var c = child
     │   ─┬─  
     │    ╰─── The value identifier var is unbound.
─────╯
Warning: [0035]
     ╭─[ E:\qbe.mbt\ssa\ssa.mbt:225:3 ]
     │
 225 │   var c = child
     │   ─┬─  
     │    ╰─── Warning (reserved_keyword): The word `var` is reserved for possible future use. Please consider using an
other name.
─────╯
Error: [3002]
     ╭─[ E:\qbe.mbt\ssa\ssa.mbt:225:7 ]
     │
 225 │   var c = child
     │       ┬  
     │       ╰── Parse error, unexpected token id (lowercase start), you may expect a statement or expression on a new 
line, or `}` to close the block.
─────╯
Error: [4021]
     ╭─[ E:\qbe.mbt\ssa\ssa.mbt:226:9 ]
     │
 226 │   while c >= 0 {
     │         ┬  
     │         ╰── The value identifier c is unbound.
─────╯
Error: [4021]
     ╭─[ E:\qbe.mbt\ssa\ssa.mbt:227:18 ]
     │
 227 │     ren_dfs(fn_, c, stk, pool)
     │                  ┬  
     │                  ╰── The value identifier c is unbound.
─────╯
Error: [4021]
     ╭─[ E:\qbe.mbt\ssa\ssa.mbt:228:5 ]
     │
 228 │     c = fn_.blks[c].dom_next
     │     ────────────┬───────────  
     │                 ╰───────────── The value identifier c is unbound.
─────╯
Error: [4021]
     ╭─[ E:\qbe.mbt\ssa\ssa.mbt:228:18 ]
     │
 228 │     c = fn_.blks[c].dom_next
     │                  ┬  
     │                  ╰── The value identifier c is unbound.
─────╯
Error: [4028]
     ╭─[ E:\qbe.mbt\ssa\ssa.mbt:232:8 ]
     │
 232 │     if p.to.kind == @types.RTmp {
     │        ────┬────  
     │            ╰────── This expression has type @azhzx/qbe/types.Ref, which is a variant type and not a struct.
─────╯
Error: [4018]
     ╭─[ E:\qbe.mbt\ssa\ssa.mbt:232:18 ]
     │
 232 │     if p.to.kind == @types.RTmp {
     │                  ─┬  
     │                   ╰── Type (Int) -> @azhzx/qbe/types.Ref does not implement trait Eq: no `impl` is defined
─────╯
Error: [4203]
     ╭─[ E:\qbe.mbt\ssa\ssa.mbt:232:21 ]
     │
 232 │     if p.to.kind == @types.RTmp {
     │                     ─────┬─────  
     │                          ╰─────── Using constructors as higher order function directly is forbidden.
─────╯
Error: [4028]
     ╭─[ E:\qbe.mbt\ssa\ssa.mbt:233:15 ]
     │
 233 │       let t = p.to.val
     │               ────┬───  
     │                   ╰───── This expression has type @azhzx/qbe/types.Ref, which is a variant type and not a struct
.
─────╯
Error: [4028]
     ╭─[ E:\qbe.mbt\ssa\ssa.mbt:243:29 ]
     │
 243 │     if !ins.to.is_none() && ins.to.kind == @types.RTmp {
     │                             ─────┬─────  
     │                                  ╰─────── This expression has type @azhzx/qbe/types.Ref, which is a variant type
 and not a struct.
─────╯
Error: [4018]
     ╭─[ E:\qbe.mbt\ssa\ssa.mbt:243:41 ]
     │
 243 │     if !ins.to.is_none() && ins.to.kind == @types.RTmp {
     │                                         ─┬  
     │                                          ╰── Type (Int) -> @azhzx/qbe/types.Ref does not implement trait Eq: no 
`impl` is defined
─────╯
Error: [4203]
     ╭─[ E:\qbe.mbt\ssa\ssa.mbt:243:44 ]
     │
 243 │     if !ins.to.is_none() && ins.to.kind == @types.RTmp {
     │                                            ─────┬─────  
     │                                                 ╰─────── Using constructors as higher order function directly is
 forbidden.
─────╯
Error: [4028]
     ╭─[ E:\qbe.mbt\ssa\ssa.mbt:244:15 ]
     │
 244 │       let t = ins.to.val
     │               ─────┬────  
     │                    ╰────── This expression has type @azhzx/qbe/types.Ref, which is a variant type and not a stru
ct.
─────╯
Error: [4021]
     ╭─[ E:\qbe.mbt\ssa\ssa.mbt:263:3 ]
     │
 263 │   var n = stk[t]
     │   ─┬─  
     │    ╰─── The value identifier var is unbound.
─────╯
Warning: [0035]
     ╭─[ E:\qbe.mbt\ssa\ssa.mbt:263:3 ]
     │
 263 │   var n = stk[t]
     │   ─┬─  
     │    ╰─── Warning (reserved_keyword): The word `var` is reserved for possible future use. Please consider using an
other name.
─────╯
Error: [3002]
     ╭─[ E:\qbe.mbt\ssa\ssa.mbt:263:7 ]
     │
 263 │   var n = stk[t]
     │       ┬  
     │       ╰── Parse error, unexpected token id (lowercase start), you may expect a statement or expression on a new 
line, or `}` to close the block.
─────╯
Error: [4021]
     ╭─[ E:\qbe.mbt\ssa\ssa.mbt:264:9 ]
     │
 264 │   while n >= 0 && !dom(fn_, pool.entries[n].blk_id, b) {
     │         ┬  
     │         ╰── The value identifier n is unbound.
─────╯
Error: [4021]
     ╭─[ E:\qbe.mbt\ssa\ssa.mbt:264:42 ]
     │
 264 │   while n >= 0 && !dom(fn_, pool.entries[n].blk_id, b) {
     │                                          ┬  
     │                                          ╰── The value identifier n is unbound.
─────╯
Error: [4021]
     ╭─[ E:\qbe.mbt\ssa\ssa.mbt:265:14 ]
     │
 265 │     let n1 = n
     │              ┬  
     │              ╰── The value identifier n is unbound.
─────╯
Error: [4021]
     ╭─[ E:\qbe.mbt\ssa\ssa.mbt:266:5 ]
     │
 266 │     n = pool.entries[n].up
     │     ───────────┬──────────  
     │                ╰──────────── The value identifier n is unbound.
─────╯
Error: [4021]
     ╭─[ E:\qbe.mbt\ssa\ssa.mbt:266:22 ]
     │
 266 │     n = pool.entries[n].up
     │                      ┬  
     │                      ╰── The value identifier n is unbound.
─────╯
Error: [4021]
     ╭─[ E:\qbe.mbt\ssa\ssa.mbt:269:12 ]
     │
 269 │   stk[t] = n
     │            ┬  
     │            ╰── The value identifier n is unbound.
─────╯
Error: [4021]
     ╭─[ E:\qbe.mbt\ssa\ssa.mbt:270:6 ]
     │
 270 │   if n < 0 {
     │      ┬  
     │      ╰── The value identifier n is unbound.
─────╯
Error: [4021]
     ╭─[ E:\qbe.mbt\ssa\ssa.mbt:274:18 ]
     │
 274 │     pool.entries[n].r
     │                  ┬  
     │                  ╰── The value identifier n is unbound.
─────╯
Error: [4051]
     ╭─[ E:\qbe.mbt\ssa\ssa.mbt:286:4 ]
     │
 286 │ fn sdom(fn_ : @types.Fn, b1 : Int, b2 : Int) -> Bool {
     │    ──┬─  
     │      ╰─── The toplevel identifier sdom is declared twice: it was previously defined at E:\qbe.mbt\ssa\ssacheck.m
bt:6:4.
─────╯
Error: [4021]
     ╭─[ E:\qbe.mbt\ssa\ssa.mbt:290:3 ]
     │
 290 │   var b2 = b2
     │   ─┬─  
     │    ╰─── The value identifier var is unbound.
─────╯
Warning: [0035]
     ╭─[ E:\qbe.mbt\ssa\ssa.mbt:290:3 ]
     │
 290 │   var b2 = b2
     │   ─┬─  
     │    ╰─── Warning (reserved_keyword): The word `var` is reserved for possible future use. Please consider using an
other name.
─────╯
Error: [3002]
     ╭─[ E:\qbe.mbt\ssa\ssa.mbt:290:7 ]
     │
 290 │   var b2 = b2
     │       ─┬  
     │        ╰── Parse error, unexpected token id (lowercase start), you may expect a statement or expression on a new
 line, or `}` to close the block.
─────╯
Error: [4087]
     ╭─[ E:\qbe.mbt\ssa\ssa.mbt:292:5 ]
     │
 292 │     b2 = fn_.blks[b2].idom
     │     ─┬  
     │      ╰── The variable b2 is not mutable.
─────╯
Error: [4051]
     ╭─[ E:\qbe.mbt\ssa\ssa.mbt:299:4 ]
     │
 299 │ fn clsmerge(pk : Ref[Int], k : Int) -> Bool {
     │    ────┬───  
     │        ╰───── The toplevel identifier clsmerge is declared twice: it was previously defined at E:\qbe.mbt\ssa\us
e.mbt:24:8.
─────╯
Warning: [0001]
   ╭─[ E:\qbe.mbt\ssa\ssacheck.mbt:6:4 ]
   │
 6 │ fn sdom(fn_ : @types.Fn, b1 : Int, b2 : Int) -> Bool {
   │    ──┬─  
   │      ╰─── Warning (unused_value): Unused function 'sdom'
───╯
Error: [4021]
    ╭─[ E:\qbe.mbt\ssa\ssacheck.mbt:10:3 ]
    │
 10 │   var b2 = b2
    │   ─┬─  
    │    ╰─── The value identifier var is unbound.
────╯
Warning: [0035]
    ╭─[ E:\qbe.mbt\ssa\ssacheck.mbt:10:3 ]
    │
 10 │   var b2 = b2
    │   ─┬─  
    │    ╰─── Warning (reserved_keyword): The word `var` is reserved for possible future use. Please consider using ano
ther name.
────╯
Error: [3002]
    ╭─[ E:\qbe.mbt\ssa\ssacheck.mbt:10:7 ]
    │
 10 │   var b2 = b2
    │       ─┬  
    │        ╰── Parse error, unexpected token id (lowercase start), you may expect a statement or expression on a new 
line, or `}` to close the block.
────╯
Error: [4087]
    ╭─[ E:\qbe.mbt\ssa\ssacheck.mbt:12:5 ]
    │
 12 │     b2 = fn_.blks[b2].idom
    │     ─┬  
    │      ╰── The variable b2 is not mutable.
────╯
Error: [4028]
    ╭─[ E:\qbe.mbt\ssa\ssacheck.mbt:50:26 ]
    │
 50 │       let tmp = fn_.tmps[r.val]
    │                          ──┬──  
    │                            ╰──── This expression has type @azhzx/qbe/types.Ref, which is a variant type and not a
 struct.
────╯
Error: [4028]
    ╭─[ E:\qbe.mbt\ssa\ssacheck.mbt:68:10 ]
    │
 68 │       if ins.to.kind != @types.RTmp {
    │          ─────┬─────  
    │               ╰─────── This expression has type @azhzx/qbe/types.Ref, which is a variant type and not a struct.
────╯
Error: [4018]
    ╭─[ E:\qbe.mbt\ssa\ssacheck.mbt:68:22 ]
    │
 68 │       if ins.to.kind != @types.RTmp {
    │                      ─┬  
    │                       ╰── Type (Int) -> @azhzx/qbe/types.Ref does not implement trait Eq: no `impl` is defined
────╯
Error: [4203]
    ╭─[ E:\qbe.mbt\ssa\ssacheck.mbt:68:25 ]
    │
 68 │       if ins.to.kind != @types.RTmp {
    │                         ─────┬─────  
    │                              ╰─────── Using constructors as higher order function directly is forbidden.
────╯
Error: [4028]
    ╭─[ E:\qbe.mbt\ssa\ssacheck.mbt:72:26 ]
    │
 72 │       let tmp = fn_.tmps[r.val]
    │                          ──┬──  
    │                            ╰──── This expression has type @azhzx/qbe/types.Ref, which is a variant type and not a
 struct.
────╯
Error: [4021]
    ╭─[ E:\qbe.mbt\ssa\use.mbt:40:3 ]
    │
 40 │   var t1 = tmps[t].is_phi
    │   ─┬─  
    │    ╰─── The value identifier var is unbound.
────╯
Warning: [0035]
    ╭─[ E:\qbe.mbt\ssa\use.mbt:40:3 ]
    │
 40 │   var t1 = tmps[t].is_phi
    │   ─┬─  
    │    ╰─── Warning (reserved_keyword): The word `var` is reserved for possible future use. Please consider using ano
ther name.
────╯
Error: [3002]
    ╭─[ E:\qbe.mbt\ssa\use.mbt:40:7 ]
    │
 40 │   var t1 = tmps[t].is_phi
    │       ─┬  
    │        ╰── Parse error, unexpected token id (lowercase start), you may expect a statement or expression on a new 
line, or `}` to close the block.
────╯
Error: [4021]
    ╭─[ E:\qbe.mbt\ssa\use.mbt:41:6 ]
    │
 41 │   if t1 == 0 {
    │      ─┬  
    │       ╰── The value identifier t1 is unbound.
────╯
Error: [4021]
    ╭─[ E:\qbe.mbt\ssa\use.mbt:44:3 ]
    │
 44 │   t1 = phicls(t1, tmps)
    │   ──────────┬──────────  
    │             ╰──────────── The value identifier t1 is unbound.
────╯
Error: [4021]
    ╭─[ E:\qbe.mbt\ssa\use.mbt:44:15 ]
    │
 44 │   t1 = phicls(t1, tmps)
    │               ─┬  
    │                ╰── The value identifier t1 is unbound.
────╯
Error: [4021]
    ╭─[ E:\qbe.mbt\ssa\use.mbt:45:20 ]
    │
 45 │   tmps[t].is_phi = t1
    │                    ─┬  
    │                     ╰── The value identifier t1 is unbound.
────╯
Error: [4021]
    ╭─[ E:\qbe.mbt\ssa\use.mbt:46:3 ]
    │
 46 │   t1
    │   ─┬  
    │    ╰── The value identifier t1 is unbound.
────╯
Error: [4028]
    ╭─[ E:\qbe.mbt\ssa\use.mbt:88:10 ]
    │
 88 │       if p.to.kind != @types.RTmp {
    │          ────┬────  
    │              ╰────── This expression has type @azhzx/qbe/types.Ref, which is a variant type and not a struct.
────╯
Error: [4018]
    ╭─[ E:\qbe.mbt\ssa\use.mbt:88:20 ]
    │
 88 │       if p.to.kind != @types.RTmp {
    │                    ─┬  
    │                     ╰── Type (Int) -> @azhzx/qbe/types.Ref does not implement trait Eq: no `impl` is defined
────╯
Error: [4203]
    ╭─[ E:\qbe.mbt\ssa\use.mbt:88:23 ]
    │
 88 │       if p.to.kind != @types.RTmp {
    │                       ─────┬─────  
    │                            ╰─────── Using constructors as higher order function directly is forbidden.
────╯
Error: [4028]
    ╭─[ E:\qbe.mbt\ssa\use.mbt:91:16 ]
    │
 91 │       let tp = p.to.val
    │                ────┬───  
    │                    ╰───── This expression has type @azhzx/qbe/types.Ref, which is a variant type and not a struct
.
────╯
Error: [4028]
    ╭─[ E:\qbe.mbt\ssa\use.mbt:96:12 ]
    │
 96 │         if a.value.kind == @types.RTmp {
    │            ──────┬─────  
    │                  ╰─────── This expression has type @azhzx/qbe/types.Ref, which is a variant type and not a struct
.
────╯
Error: [4018]
    ╭─[ E:\qbe.mbt\ssa\use.mbt:96:25 ]
    │
 96 │         if a.value.kind == @types.RTmp {
    │                         ─┬  
    │                          ╰── Type (Int) -> @azhzx/qbe/types.Ref does not implement trait Eq: no `impl` is defined
────╯
Error: [4203]
    ╭─[ E:\qbe.mbt\ssa\use.mbt:96:28 ]
    │
 96 │         if a.value.kind == @types.RTmp {
    │                            ─────┬─────  
    │                                 ╰─────── Using constructors as higher order function directly is forbidden.
────╯
Error: [4028]
    ╭─[ E:\qbe.mbt\ssa\use.mbt:97:19 ]
    │
 97 │           let t = a.value.val
    │                   ─────┬─────  
    │                        ╰─────── This expression has type @azhzx/qbe/types.Ref, which is a variant type and not a 
struct.
────╯
Error: [4028]
     ╭─[ E:\qbe.mbt\ssa\use.mbt:110:12 ]
     │
 110 │         if ins.to.kind != @types.RTmp {
     │            ─────┬─────  
     │                 ╰─────── This expression has type @azhzx/qbe/types.Ref, which is a variant type and not a struct
.
─────╯
Error: [4018]
     ╭─[ E:\qbe.mbt\ssa\use.mbt:110:24 ]
     │
 110 │         if ins.to.kind != @types.RTmp {
     │                        ─┬  
     │                         ╰── Type (Int) -> @azhzx/qbe/types.Ref does not implement trait Eq: no `impl` is defined
─────╯
Error: [4203]
     ╭─[ E:\qbe.mbt\ssa\use.mbt:110:27 ]
     │
 110 │         if ins.to.kind != @types.RTmp {
     │                           ─────┬─────  
     │                                ╰─────── Using constructors as higher order function directly is forbidden.
─────╯
Error: [4021]
     ╭─[ E:\qbe.mbt\ssa\use.mbt:113:9 ]
     │
 113 │         var w = @types.WFull
     │         ─┬─  
     │          ╰─── The value identifier var is unbound.
─────╯
Warning: [0035]
     ╭─[ E:\qbe.mbt\ssa\use.mbt:113:9 ]
     │
 113 │         var w = @types.WFull
     │         ─┬─  
     │          ╰─── Warning (reserved_keyword): The word `var` is reserved for possible future use. Please consider us
ing another name.
─────╯
Error: [3002]
     ╭─[ E:\qbe.mbt\ssa\use.mbt:113:13 ]
     │
 113 │         var w = @types.WFull
     │             ┬  
     │             ╰── Parse error, unexpected token id (lowercase start), you may expect a statement or expression on 
a new line, or `}` to close the block.
─────╯
Error: [4021]
     ╭─[ E:\qbe.mbt\ssa\use.mbt:115:11 ]
     │
 115 │           w = @types.width_from_code(@types.load_width_idx(ins.op))
     │           ────────────────────────────┬────────────────────────────  
     │                                       ╰────────────────────────────── The value identifier w is unbound.
─────╯
Error: [4021]
     ╭─[ E:\qbe.mbt\ssa\use.mbt:118:11 ]
     │
 118 │           w = @types.width_from_code(@types.ext_width_idx(ins.op))
     │           ────────────────────────────┬───────────────────────────  
     │                                       ╰───────────────────────────── The value identifier w is unbound.
─────╯
Error: [4021]
     ╭─[ E:\qbe.mbt\ssa\use.mbt:120:13 ]
     │
 120 │         if (w == @types.Wsw || w == @types.Wuw) && ins.cls == @types.Kw {
     │             ┬  
     │             ╰── The value identifier w is unbound.
─────╯
Error: [4021]
     ╭─[ E:\qbe.mbt\ssa\use.mbt:120:32 ]
     │
 120 │         if (w == @types.Wsw || w == @types.Wuw) && ins.cls == @types.Kw {
     │                                ┬  
     │                                ╰── The value identifier w is unbound.
─────╯
Error: [4021]
     ╭─[ E:\qbe.mbt\ssa\use.mbt:121:11 ]
     │
 121 │           w = @types.WFull
     │           ────────┬───────  
     │                   ╰───────── The value identifier w is unbound.
─────╯
Error: [4028]
     ╭─[ E:\qbe.mbt\ssa\use.mbt:123:17 ]
     │
 123 │         let t = ins.to.val
     │                 ─────┬────  
     │                      ╰────── This expression has type @azhzx/qbe/types.Ref, which is a variant type and not a st
ruct.
─────╯
Error: [4021]
     ╭─[ E:\qbe.mbt\ssa\use.mbt:124:29 ]
     │
 124 │         fn_.tmps[t].width = w
     │                             ┬  
     │                             ╰── The value identifier w is unbound.
─────╯
Error: [4028]
     ╭─[ E:\qbe.mbt\ssa\use.mbt:130:12 ]
     │
 130 │         if arg.kind == @types.RTmp {
     │            ────┬───  
     │                ╰───── This expression has type @azhzx/qbe/types.Ref, which is a variant type and not a struct.
─────╯
Error: [4018]
     ╭─[ E:\qbe.mbt\ssa\use.mbt:130:21 ]
     │
 130 │         if arg.kind == @types.RTmp {
     │                     ─┬  
     │                      ╰── Type (Int) -> @azhzx/qbe/types.Ref does not implement trait Eq: no `impl` is defined
─────╯
Error: [4203]
     ╭─[ E:\qbe.mbt\ssa\use.mbt:130:24 ]
     │
 130 │         if arg.kind == @types.RTmp {
     │                        ─────┬─────  
     │                             ╰─────── Using constructors as higher order function directly is forbidden.
─────╯
Error: [4028]
     ╭─[ E:\qbe.mbt\ssa\use.mbt:131:23 ]
     │
 131 │           adduse(fn_, arg.val, @types.UIns, id, ii, m)
     │                       ───┬───  
     │                          ╰───── This expression has type @azhzx/qbe/types.Ref, which is a variant type and not a
 struct.
─────╯
Error: [4028]
     ╭─[ E:\qbe.mbt\ssa\use.mbt:136:8 ]
     │
 136 │     if b.jmp.arg.kind == @types.RTmp {
     │        ───────┬──────  
     │               ╰──────── This expression has type @azhzx/qbe/types.Ref, which is a variant type and not a struct.
─────╯
Error: [4018]
     ╭─[ E:\qbe.mbt\ssa\use.mbt:136:23 ]
     │
 136 │     if b.jmp.arg.kind == @types.RTmp {
     │                       ─┬  
     │                        ╰── Type (Int) -> @azhzx/qbe/types.Ref does not implement trait Eq: no `impl` is defined
─────╯
Error: [4203]
     ╭─[ E:\qbe.mbt\ssa\use.mbt:136:26 ]
     │
 136 │     if b.jmp.arg.kind == @types.RTmp {
     │                          ─────┬─────  
     │                               ╰─────── Using constructors as higher order function directly is forbidden.
─────╯
Error: [4028]
     ╭─[ E:\qbe.mbt\ssa\use.mbt:137:19 ]
     │
 137 │       adduse(fn_, b.jmp.arg.val, @types.UJmp, id, 0, 0)
     │                   ──────┬──────  
     │                         ╰──────── This expression has type @azhzx/qbe/types.Ref, which is a variant type and not
 a struct.
─────╯
Warning: [0020]
    ╭─[ E:\qbe.mbt\types\fn.mbt:42:16 ]
    │
 42 │     blk_names: Map::new(),
    │                ────┬───  
    │                    ╰───── Warning (deprecated): Use `Map([], capacity=...)` instead
────╯
Warning: [0002]
     ╭─[ E:\qbe.mbt\types\fn.mbt:103:33 ]
     │
 103 │ pub fn Fn::new_tmp(self : Self, prfx : String) -> Int {
     │                                 ──┬─  
     │                                   ╰─── Warning (unused_value): Unused variable 'prfx'
─────╯
Warning: [0006]
   ╭─[ E:\qbe.mbt\util\error.mbt:4:3 ]
   │
 4 │   CompileError(String)
   │   ──────┬─────  
   │         ╰─────── Warning (unused_constructor): Variant 'CompileError' is never constructed
───╯
Warning: [0006]
   ╭─[ E:\qbe.mbt\util\error.mbt:5:3 ]
   │
 5 │   Ice(String)
   │   ─┬─  
   │    ╰─── Warning (unused_constructor): Variant 'Ice' is never constructed
───╯
Warning: [0020]
    ╭─[ E:\qbe.mbt\util\interner.mbt:11:22 ]
    │
 11 │   Interner::{ table: Map::new(), values: Array::new() }
    │                      ────┬───  
    │                          ╰───── Warning (deprecated): Use `Map([], capacity=...)` instead
────╯
Failed with 46 warnings, 176 errors.
Error: failed when checking project
