moon : 2026-08-24T02:08:13.872865Z  INFO run_check:run_check_internal:run_check_normal_internal:run_check_normal_intern
al_rr: moon::rr_build:558: Checking local modules and backend
At line:15 char:5630
+ ... ources\app\node_modules\@vscode\ripgrep\bin'; moon check 2>&1 | Out-F ...
+                                                   ~~~~~~~~~~~~~~~
    + CategoryInfo          : NotSpecified: (2026-08-24T02:0...les and backend:String) [], RemoteException
    + FullyQualifiedErrorId : NativeCommandError
 
2026-08-24T02:08:13.872900Z  INFO run_check:run_check_internal:run_check_normal_internal:run_check_normal_internal_rr: 
moon::rr_build:568: Preferred backend: None
2026-08-24T02:08:13.872907Z  INFO run_check:run_check_internal:run_check_normal_internal:run_check_normal_internal_rr: 
moon::rr_build:586: is_core: false
2026-08-24T02:08:13.872912Z  INFO run_check:run_check_internal:run_check_normal_internal:run_check_normal_internal_rr: 
moon::rr_build:610: User intent calculated: [Check(PackageId(1v1)), Check(PackageId(2v1)), Check(PackageId(3v1)), Check
(PackageId(4v1)), Check(PackageId(5v1)), Check(PackageId(6v1))]
2026-08-24T02:08:13.872922Z  INFO run_check:run_check_internal:run_check_normal_internal:run_check_normal_internal_rr: 
moon::rr_build:613: Skipping prebuild configuration for check run mode
2026-08-24T02:08:13.872925Z  INFO run_check:run_check_internal:run_check_normal_internal:run_check_normal_internal_rr: 
moon::rr_build:622: Expanding user intents to build plan nodes
2026-08-24T02:08:13.872937Z  INFO run_check:run_check_internal:run_check_normal_internal:run_check_normal_internal_rr: 
moon::rr_build:302: Determining compilation configuration
2026-08-24T02:08:13.872940Z  INFO run_check:run_check_internal:run_check_normal_internal:run_check_normal_internal_rr: 
moon::rr_build:305: std: self.use_std = true, is_core = false => std = true
2026-08-24T02:08:13.872943Z  INFO run_check:run_check_internal:run_check_normal_internal:run_check_normal_internal_rr: 
moon::rr_build:311: Target backend: explicit = Some(Wasm) => selected = Wasm
2026-08-24T02:08:13.872948Z  INFO run_check:run_check_internal:run_check_normal_internal:run_check_normal_internal_rr: 
moon::rr_build:334: Final backend configuration: Wasm { use_wat: false, wasi_link: true }
2026-08-24T02:08:13.872964Z  INFO run_check:run_check_internal:run_check_normal_internal:run_check_normal_internal_rr: 
moon::rr_build:640: Begin lowering to build graph
2026-08-24T02:08:13.873587Z  INFO run_check:run_check_internal:run_check_normal_internal:run_check_normal_internal_rr: 
moon::rr_build:681: Build planning completed successfully
2026-08-24T02:08:13.874851Z  INFO run_check:run_check_internal:run_check_normal_internal:run_check_normal_internal_rr:e
xecute_build:db.open:db.open_existing: n2::db:381: opening existing database path=E:\qbe.mbt\_build\wasm\debug\check\ch
eck.moon_db path=E:\qbe.mbt\_build\wasm\debug\check\check.moon_db
2026-08-24T02:08:13.875362Z  INFO run_check:run_check_internal:run_check_normal_internal:run_check_normal_internal_rr:e
xecute_build:db.open:db.open_existing: n2::db:389: database loaded successfully path=E:\qbe.mbt\_build\wasm\debug\check
\check.moon_db path=E:\qbe.mbt\_build\wasm\debug\check\check.moon_db
2026-08-24T02:08:13.875399Z  INFO run_check:run_check_internal:run_check_normal_internal:run_check_normal_internal_rr:e
xecute_build:work.run:work.run_with_logger: n2::work:746: starting build execution parallelism=12 total_pending=13 para
llelism=12 failures_left=Some(10) adopt=false explain=false dirty_on_output=true parallelism=12 failures_left=Some(10) 
adopt=false explain=false dirty_on_output=true logger_present=false
2026-08-24T02:08:13.875698Z  INFO run_check:run_check_internal:run_check_normal_internal:run_check_normal_internal_rr:e
xecute_build:work.run:work.run_with_logger: n2::work:785: build up to date, skipping buildid=BuildId(1) parallelism=12 
failures_left=Some(10) adopt=false explain=false dirty_on_output=true parallelism=12 failures_left=Some(10) adopt=false
 explain=false dirty_on_output=true logger_present=false
2026-08-24T02:08:13.875758Z  INFO run_check:run_check_internal:run_check_normal_internal:run_check_normal_internal_rr:e
xecute_build:work.run:work.run_with_logger: n2::work:785: build up to date, skipping buildid=BuildId(0) parallelism=12 
failures_left=Some(10) adopt=false explain=false dirty_on_output=true parallelism=12 failures_left=Some(10) adopt=false
 explain=false dirty_on_output=true logger_present=false
2026-08-24T02:08:13.875908Z  INFO run_check:run_check_internal:run_check_normal_internal:run_check_normal_internal_rr:e
xecute_build:work.run:work.run_with_logger: n2::work:785: build up to date, skipping buildid=BuildId(3) parallelism=12 
failures_left=Some(10) adopt=false explain=false dirty_on_output=true parallelism=12 failures_left=Some(10) adopt=false
 explain=false dirty_on_output=true logger_present=false
2026-08-24T02:08:13.876842Z  INFO run_check:run_check_internal:run_check_normal_internal:run_check_normal_internal_rr:e
xecute_build:work.run:work.run_with_logger: n2::work:785: build up to date, skipping buildid=BuildId(2) parallelism=12 
failures_left=Some(10) adopt=false explain=false dirty_on_output=true parallelism=12 failures_left=Some(10) adopt=false
 explain=false dirty_on_output=true logger_present=false
2026-08-24T02:08:13.876900Z  INFO run_check:run_check_internal:run_check_normal_internal:run_check_normal_internal_rr:e
xecute_build:work.run:work.run_with_logger: n2::work:785: build up to date, skipping buildid=BuildId(4) parallelism=12 
failures_left=Some(10) adopt=false explain=false dirty_on_output=true parallelism=12 failures_left=Some(10) adopt=false
 explain=false dirty_on_output=true logger_present=false
2026-08-24T02:08:13.876905Z  INFO run_check:run_check_internal:run_check_normal_internal:run_check_normal_internal_rr:e
xecute_build:work.run:work.run_with_logger: n2::work:774: executing build buildid=BuildId(9) location=azhzx/qbe/types@S
ource@Check:0 parallelism=12 failures_left=Some(10) adopt=false explain=false dirty_on_output=true parallelism=12 failu
res_left=Some(10) adopt=false explain=false dirty_on_output=true logger_present=false
2026-08-24T02:08:13.877061Z  INFO run_check:run_check_internal:run_check_normal_internal:run_check_normal_internal_rr:e
xecute_build:work.run:work.run_with_logger: n2::task:339: starting task tid=0 buildid=BuildId(9) parallelism=12 failure
s_left=Some(10) adopt=false explain=false dirty_on_output=true parallelism=12 failures_left=Some(10) adopt=false explai
n=false dirty_on_output=true logger_present=false
2026-08-24T02:08:13.877073Z  INFO run_check:run_check_internal:run_check_normal_internal:run_check_normal_internal_rr:e
xecute_build:work.run:work.run_with_logger: n2::work:774: executing build buildid=BuildId(11) location=azhzx/qbe/util@S
ource@Check:0 parallelism=12 failures_left=Some(10) adopt=false explain=false dirty_on_output=true parallelism=12 failu
res_left=Some(10) adopt=false explain=false dirty_on_output=true logger_present=false
2026-08-24T02:08:13.877357Z  INFO run_check:run_check_internal:run_check_normal_internal:run_check_normal_internal_rr:e
xecute_build:work.run:work.run_with_logger: n2::task:339: starting task tid=1 buildid=BuildId(11) parallelism=12 failur
es_left=Some(10) adopt=false explain=false dirty_on_output=true parallelism=12 failures_left=Some(10) adopt=false expla
in=false dirty_on_output=true logger_present=false
2026-08-24T02:08:13.933591Z  INFO run_check:run_check_internal:run_check_normal_internal:run_check_normal_internal_rr:e
xecute_build:work.run:work.run_with_logger: n2::work:858: build succeeded buildid=BuildId(11) location=azhzx/qbe/util@S
ource@Check:0 parallelism=12 failures_left=Some(10) adopt=false explain=false dirty_on_output=true parallelism=12 failu
res_left=Some(10) adopt=false explain=false dirty_on_output=true logger_present=false
2026-08-24T02:08:13.933881Z  INFO run_check:run_check_internal:run_check_normal_internal:run_check_normal_internal_rr:e
xecute_build:work.run:work.run_with_logger: n2::work:785: build up to date, skipping buildid=BuildId(12) parallelism=12
 failures_left=Some(10) adopt=false explain=false dirty_on_output=true parallelism=12 failures_left=Some(10) adopt=fals
e explain=false dirty_on_output=true logger_present=false
2026-08-24T02:08:14.067288Z  INFO run_check:run_check_internal:run_check_normal_internal:run_check_normal_internal_rr:e
xecute_build:work.run:work.run_with_logger: n2::work:858: build succeeded buildid=BuildId(9) location=azhzx/qbe/types@S
ource@Check:0 parallelism=12 failures_left=Some(10) adopt=false explain=false dirty_on_output=true parallelism=12 failu
res_left=Some(10) adopt=false explain=false dirty_on_output=true logger_present=false
2026-08-24T02:08:14.067800Z  INFO run_check:run_check_internal:run_check_normal_internal:run_check_normal_internal_rr:e
xecute_build:work.run:work.run_with_logger: n2::work:774: executing build buildid=BuildId(10) location=azhzx/qbe/types@
BlackboxTest@Check:0 parallelism=12 failures_left=Some(10) adopt=false explain=false dirty_on_output=true parallelism=1
2 failures_left=Some(10) adopt=false explain=false dirty_on_output=true logger_present=false
2026-08-24T02:08:14.067936Z  INFO run_check:run_check_internal:run_check_normal_internal:run_check_normal_internal_rr:e
xecute_build:work.run:work.run_with_logger: n2::task:339: starting task tid=0 buildid=BuildId(10) parallelism=12 failur
es_left=Some(10) adopt=false explain=false dirty_on_output=true parallelism=12 failures_left=Some(10) adopt=false expla
in=false dirty_on_output=true logger_present=false
2026-08-24T02:08:14.067946Z  INFO run_check:run_check_internal:run_check_normal_internal:run_check_normal_internal_rr:e
xecute_build:work.run:work.run_with_logger: n2::work:774: executing build buildid=BuildId(5) location=azhzx/qbe/lexer@S
ource@Check:0 parallelism=12 failures_left=Some(10) adopt=false explain=false dirty_on_output=true parallelism=12 failu
res_left=Some(10) adopt=false explain=false dirty_on_output=true logger_present=false
2026-08-24T02:08:14.068064Z  INFO run_check:run_check_internal:run_check_normal_internal:run_check_normal_internal_rr:e
xecute_build:work.run:work.run_with_logger: n2::task:339: starting task tid=1 buildid=BuildId(5) parallelism=12 failure
s_left=Some(10) adopt=false explain=false dirty_on_output=true parallelism=12 failures_left=Some(10) adopt=false explai
n=false dirty_on_output=true logger_present=false
2026-08-24T02:08:14.164002Z  INFO run_check:run_check_internal:run_check_normal_internal:run_check_normal_internal_rr:e
xecute_build:work.run:work.run_with_logger: n2::work:858: build succeeded buildid=BuildId(10) location=azhzx/qbe/types@
BlackboxTest@Check:0 parallelism=12 failures_left=Some(10) adopt=false explain=false dirty_on_output=true parallelism=1
2 failures_left=Some(10) adopt=false explain=false dirty_on_output=true logger_present=false
2026-08-24T02:08:14.188153Z  INFO run_check:run_check_internal:run_check_normal_internal:run_check_normal_internal_rr:e
xecute_build:work.run:work.run_with_logger: n2::work:858: build succeeded buildid=BuildId(5) location=azhzx/qbe/lexer@S
ource@Check:0 parallelism=12 failures_left=Some(10) adopt=false explain=false dirty_on_output=true parallelism=12 failu
res_left=Some(10) adopt=false explain=false dirty_on_output=true logger_present=false
2026-08-24T02:08:14.189615Z  INFO run_check:run_check_internal:run_check_normal_internal:run_check_normal_internal_rr:e
xecute_build:work.run:work.run_with_logger: n2::work:785: build up to date, skipping buildid=BuildId(6) parallelism=12 
failures_left=Some(10) adopt=false explain=false dirty_on_output=true parallelism=12 failures_left=Some(10) adopt=false
 explain=false dirty_on_output=true logger_present=false
2026-08-24T02:08:14.189640Z  INFO run_check:run_check_internal:run_check_normal_internal:run_check_normal_internal_rr:e
xecute_build:work.run:work.run_with_logger: n2::work:774: executing build buildid=BuildId(7) location=azhzx/qbe/parser@
Source@Check:0 parallelism=12 failures_left=Some(10) adopt=false explain=false dirty_on_output=true parallelism=12 fail
ures_left=Some(10) adopt=false explain=false dirty_on_output=true logger_present=false
2026-08-24T02:08:14.189965Z  INFO run_check:run_check_internal:run_check_normal_internal:run_check_normal_internal_rr:e
xecute_build:work.run:work.run_with_logger: n2::task:339: starting task tid=0 buildid=BuildId(7) parallelism=12 failure
s_left=Some(10) adopt=false explain=false dirty_on_output=true parallelism=12 failures_left=Some(10) adopt=false explai
n=false dirty_on_output=true logger_present=false
2026-08-24T02:08:14.281653Z  INFO run_check:run_check_internal:run_check_normal_internal:run_check_normal_internal_rr:e
xecute_build:work.run:work.run_with_logger: n2::work:841: build failed buildid=BuildId(7) location=azhzx/qbe/parser@Sou
rce@Check:0 parallelism=12 failures_left=Some(10) adopt=false explain=false dirty_on_output=true parallelism=12 failure
s_left=Some(10) adopt=false explain=false dirty_on_output=true logger_present=false
2026-08-24T02:08:14.281688Z  INFO run_check:run_check_internal:run_check_normal_internal:run_check_normal_internal_rr:e
xecute_build:work.run:work.run_with_logger: n2::work:871: build execution completed tasks_done=4 tasks_failed=1 success
=false parallelism=12 failures_left=Some(10) adopt=false explain=false dirty_on_output=true parallelism=12 failures_lef
t=Some(10) adopt=false explain=false dirty_on_output=true logger_present=false
Warning: [0001]
    ╭─[ E:\qbe.mbt\lexer\lexer.mbt:30:4 ]
    │
 30 │ fn is_ident_start(c : Char) -> Bool {
    │    ───────┬──────  
    │           ╰──────── Warning (unused_value): Unused function 'is_ident_start'
────╯
Warning: [0027]
    ╭─[ E:\qbe.mbt\lexer\lexer.mbt:44:3 ]
    │
 44 │   loop s {
    │   ────┬───  
    │       ╰───── Warning (deprecated_syntax): The syntax loop ... { ... } for functional loop is deprecated. Use rewr
ite this as a `for` loop with explicit loop binders (for example, `for state = init { ... }`), destructure composite st
ate explicitly inside the loop body, and use an explicit `break` to return the final result. instead.
────╯
Warning: [0027]
    ╭─[ E:\qbe.mbt\lexer\lexer.mbt:64:3 ]
    │
 64 │   loop s {
    │   ────┬───  
    │       ╰───── Warning (deprecated_syntax): The syntax loop ... { ... } for functional loop is deprecated. Use rewr
ite this as a `for` loop with explicit loop binders (for example, `for state = init { ... }`), destructure composite st
ate explicitly inside the loop body, and use an explicit `break` to return the final result. instead.
────╯
Warning: [0020]
    ╭─[ E:\qbe.mbt\lexer\lexer.mbt:71:22 ]
    │
 71 │       if c == '.' && not(is_float) {
    │                      ─┬─  
    │                       ╰─── Warning (deprecated): Use !expr instead
────╯
Warning: [0027]
    ╭─[ E:\qbe.mbt\lexer\lexer.mbt:90:3 ]
    │
 90 │   loop s {
    │   ────┬───  
    │       ╰───── Warning (deprecated_syntax): The syntax loop ... { ... } for functional loop is deprecated. Use rewr
ite this as a `for` loop with explicit loop binders (for example, `for state = init { ... }`), destructure composite st
ate explicitly inside the loop body, and use an explicit `break` to return the final result. instead.
────╯
Warning: [0027]
     ╭─[ E:\qbe.mbt\lexer\lexer.mbt:177:3 ]
     │
 177 │   loop code {
     │   ─────┬─────  
     │        ╰─────── Warning (deprecated_syntax): The syntax loop ... { ... } for functional loop is deprecated. Use 
rewrite this as a `for` loop with explicit loop binders (for example, `for state = init { ... }`), destructure composit
e state explicitly inside the loop body, and use an explicit `break` to return the final result. instead.
─────╯
Warning: [0027]
     ╭─[ E:\qbe.mbt\lexer\lexer.mbt:201:18 ]
     │
 201 │       let rest = loop rest {
     │                  ─────┬─────  
     │                       ╰─────── Warning (deprecated_syntax): The syntax loop ... { ... } for functional loop is d
eprecated. Use rewrite this as a `for` loop with explicit loop binders (for example, `for state = init { ... }`), destr
ucture composite state explicitly inside the loop body, and use an explicit `break` to return the final result. instead
.
─────╯
Warning: [0029]
   ╭─[ E:\qbe.mbt\lexer\moon.pkg:2:3 ]
   │
 2 │   "azhzx/qbe/types" @types,
   │   ────────┬────────  
   │           ╰────────── Warning (unused_package): Unused package 'azhzx/qbe/types'
───╯
Warning: [0029]
   ╭─[ E:\qbe.mbt\lexer\moon.pkg:2:21 ]
   │
 2 │   "azhzx/qbe/types" @types,
   │                     ───┬──  
   │                        ╰──── Warning (unused_package): Unused package alias 'types'
───╯
Warning: [0020]
    ╭─[ E:\qbe.mbt\parser\data.mbt:59:15 ]
    │
 59 │         while not(done) {
    │               ─┬─  
    │                ╰─── Warning (deprecated): Use !expr instead
────╯
Warning: [0020]
    ╭─[ E:\qbe.mbt\parser\data.mbt:64:33 ]
    │
 64 │               let num_str = raw.substring(start=2)
    │                                 ────┬────  
    │                                     ╰────── Warning (deprecated): Use `str[:]` or `str[:].to_string()` instead
────╯
Warning: [0071]
    ╭─[ E:\qbe.mbt\parser\data.mbt:65:26 ]
    │
 65 │               let fval = @string.parse_double(num_str).or(0.0)
    │                          ──────────┬─────────  
    │                                    ╰─────────── Warning (core_package_not_imported): Package `string` from `moonb
itlang/core/` is used without import. This is deprecated. Please add it to the imports in the moon.pkg file.
────╯
Error: [4015]
    ╭─[ E:\qbe.mbt\parser\data.mbt:65:56 ]
    │
 65 │               let fval = @string.parse_double(num_str).or(0.0)
    │                                                        ─┬  
    │                                                         ╰── Type Double has no method or.
────╯
Warning: [0020]
     ╭─[ E:\qbe.mbt\parser\data.mbt:122:14 ]
     │
 122 │           if not(dat.is_ref) && not(dat.is_str) {
     │              ─┬─  
     │               ╰─── Warning (deprecated): Use !expr instead
─────╯
Warning: [0020]
     ╭─[ E:\qbe.mbt\parser\data.mbt:122:33 ]
     │
 122 │           if not(dat.is_ref) && not(dat.is_str) {
     │                                 ─┬─  
     │                                  ╰─── Warning (deprecated): Use !expr instead
─────╯
Error: [4139]
    ╭─[ E:\qbe.mbt\parser\func.mbt:91:7 ]
    │
 91 │       self.next() // consume 'env'
    │       ─────┬─────  
    │            ╰─────── This expression has type @azhzx/qbe/lexer.Token, its value cannot be implicitly ignored (hint
: use `ignore(...)` or `let _ = ...` to explicitly ignore it).
────╯
Warning: [0020]
     ╭─[ E:\qbe.mbt\parser\func.mbt:103:8 ]
     │
 103 │     if not(arg) && not(r.is_tmp()) {
     │        ─┬─  
     │         ╰─── Warning (deprecated): Use !expr instead
─────╯
Warning: [0020]
     ╭─[ E:\qbe.mbt\parser\func.mbt:103:20 ]
     │
 103 │     if not(arg) && not(r.is_tmp()) {
     │                    ─┬─  
     │                     ╰─── Warning (deprecated): Use !expr instead
─────╯
Warning: [0001]
     ╭─[ E:\qbe.mbt\parser\func.mbt:159:12 ]
     │
 159 │ fn Parser::closeblk(self : Self) -> Unit {
     │            ────┬───  
     │                ╰───── Warning (unused_value): Unused function 'closeblk'
─────╯
Error: [4087]
     ╭─[ E:\qbe.mbt\parser\func.mbt:397:3 ]
     │
 397 │   arg1 = r1
     │   ──┬─  
     │     ╰─── The variable arg1 is not mutable.
─────╯
Error: [4087]
     ╭─[ E:\qbe.mbt\parser\func.mbt:407:3 ]
     │
 407 │   arg2 = r2
     │   ──┬─  
     │     ╰─── The variable arg2 is not mutable.
─────╯
Error: [4139]
     ╭─[ E:\qbe.mbt\parser\func.mbt:410:5 ]
     │
 410 │     self.next() // consume ,
     │     ─────┬─────  
     │          ╰─────── This expression has type @azhzx/qbe/lexer.Token, its value cannot be implicitly ignored (hint:
 use `ignore(...)` or `let _ = ...` to explicitly ignore it).
─────╯
Warning: [0002]
    ╭─[ E:\qbe.mbt\parser\ref.mbt:69:11 ]
    │
 69 │       let con = @types.Con::int(val)
    │           ─┬─  
    │            ╰─── Warning (unused_value): Unused variable 'con'
────╯
Warning: [0020]
    ╭─[ E:\qbe.mbt\parser\ref.mbt:76:25 ]
    │
 76 │       let num_str = raw.substring(start=2)
    │                         ────┬────  
    │                             ╰────── Warning (deprecated): Use `str[:]` or `str[:].to_string()` instead
────╯
Warning: [0071]
    ╭─[ E:\qbe.mbt\parser\ref.mbt:77:18 ]
    │
 77 │       let fval = @string.parse_double(num_str).or(0.0)
    │                  ──────────┬─────────  
    │                            ╰─────────── Warning (core_package_not_imported): Package `string` from `moonbitlang/c
ore/` is used without import. This is deprecated. Please add it to the imports in the moon.pkg file.
────╯
Error: [4015]
    ╭─[ E:\qbe.mbt\parser\ref.mbt:77:48 ]
    │
 77 │       let fval = @string.parse_double(num_str).or(0.0)
    │                                                ─┬  
    │                                                 ╰── Type Double has no method or.
────╯
Warning: [0071]
     ╭─[ E:\qbe.mbt\parser\ref.mbt:112:31 ]
     │
 112 │       result = result * 10L + @int64::of_int(c.to_int() - '0'.to_int())
     │                               ────────────────────┬────────────────────  
     │                                                   ╰────────────────────── Warning (core_package_not_imported): P
ackage `int64` from `moonbitlang/core/` is used without import. This is deprecated. Please add it to the imports in the
 moon.pkg file.
─────╯
Error: [3002]
     ╭─[ E:\qbe.mbt\parser\ref.mbt:112:37 ]
     │
 112 │       result = result * 10L + @int64::of_int(c.to_int() - '0'.to_int())
     │                                     ─┬  
     │                                      ╰── Parse error, unexpected token `::`, you may expect `.` id (lowercase st
art).
─────╯
Warning: [0035]
    ╭─[ E:\qbe.mbt\types\constant.mbt:24:3 ]
    │
 24 │   local : Bool         // True if local symbol
    │   ──┬──  
    │     ╰──── Warning (reserved_keyword): The word `local` is reserved for possible future use. Please consider using
 another name.
────╯
Warning: [0035]
    ╭─[ E:\qbe.mbt\types\constant.mbt:34:5 ]
    │
 34 │     local: false,
    │     ──┬──  
    │       ╰──── Warning (reserved_keyword): The word `local` is reserved for possible future use. Please consider usi
ng another name.
────╯
Warning: [0035]
    ╭─[ E:\qbe.mbt\types\constant.mbt:45:5 ]
    │
 45 │     local: false,
    │     ──┬──  
    │       ╰──── Warning (reserved_keyword): The word `local` is reserved for possible future use. Please consider usi
ng another name.
────╯
Warning: [0035]
    ╭─[ E:\qbe.mbt\types\constant.mbt:56:5 ]
    │
 56 │     local: false,
    │     ──┬──  
    │       ╰──── Warning (reserved_keyword): The word `local` is reserved for possible future use. Please consider usi
ng another name.
────╯
Warning: [0035]
    ╭─[ E:\qbe.mbt\types\constant.mbt:67:5 ]
    │
 67 │     local: false,
    │     ──┬──  
    │       ╰──── Warning (reserved_keyword): The word `local` is reserved for possible future use. Please consider usi
ng another name.
────╯
Warning: [0035]
    ╭─[ E:\qbe.mbt\types\constant.mbt:78:5 ]
    │
 78 │     local: false,
    │     ──┬──  
    │       ╰──── Warning (reserved_keyword): The word `local` is reserved for possible future use. Please consider usi
ng another name.
────╯
Warning: [0035]
     ╭─[ E:\qbe.mbt\types\constant.mbt:104:7 ]
     │
 104 │       local: c.local,
     │       ──┬──  
     │         ╰──── Warning (reserved_keyword): The word `local` is reserved for possible future use. Please consider 
using another name.
─────╯
Warning: [0020]
    ╭─[ E:\qbe.mbt\types\fn.mbt:46:16 ]
    │
 46 │     blk_names: Map::new(),
    │                ────┬───  
    │                    ╰───── Warning (deprecated): Use `Map([], capacity=...)` instead
────╯
Warning: [0020]
    ╭─[ E:\qbe.mbt\util\interner.mbt:11:22 ]
    │
 11 │   Interner::{ table: Map::new(), values: Array::new() }
    │                      ────┬───  
    │                          ╰───── Warning (deprecated): Use `Map([], capacity=...)` instead
────╯
Failed with 30 warnings, 7 errors.
Error: failed when checking project
